[01:15:29] [modloading-worker-0/INFO] ========================================
[01:15:29] [modloading-worker-0/INFO] Minecraft: 1.20.1
[01:15:29] [modloading-worker-0/INFO] Side: server
[01:15:29] [modloading-worker-0/INFO] Development: false
[01:15:29] [modloading-worker-0/INFO] Version: 12.1.785
[01:15:29] [modloading-worker-0/INFO] Loader:
[01:15:29] [modloading-worker-0/INFO] - Forge: 47.3.7
[01:15:29] [modloading-worker-0/INFO] Dependencies:
[01:15:29] [modloading-worker-0/INFO] - Cloth Config: 11.1.136
[01:15:29] [modloading-worker-0/INFO] - Architectury: 9.2.14
[01:15:29] [modloading-worker-0/INFO] Mixin: 0.8.5
[01:15:29] [modloading-worker-0/INFO] OS: Linux 6.8.0-1030-azure (amd64)
[01:15:29] [modloading-worker-0/INFO] Java: 17.0.16 (Ubuntu)
[01:15:29] [modloading-worker-0/INFO] ========================================
[01:15:29] [modloading-worker-0/INFO] Mods:
[01:15:29] [modloading-worker-0/INFO] - aether: 1.20.1-1.5.2-neoforge
[01:15:29] [modloading-worker-0/INFO] - alexscaves: 2.0.2
[01:15:29] [modloading-worker-0/INFO] - aquamirae: 6.1.0
[01:15:29] [modloading-worker-0/INFO] - architectury: 9.2.14
[01:15:29] [modloading-worker-0/INFO] - athena: 3.1.2
[01:15:29] [modloading-worker-0/INFO] - azurelib: 3.0.17
[01:15:29] [modloading-worker-0/INFO] - balm: 7.3.35
[01:15:29] [modloading-worker-0/INFO] - bettercombat: 1.8.6+1.20.1
[01:15:29] [modloading-worker-0/INFO] - betterendisland: 1.20-Forge-2.0.6
[01:15:29] [modloading-worker-0/INFO] - betterfortresses: 1.20-Forge-2.0.6
[01:15:29] [modloading-worker-0/INFO] - betterstrongholds: 1.20-Forge-4.0.3
[01:15:29] [modloading-worker-0/INFO] - born_in_chaos_v1: 1.7.2
[01:15:29] [modloading-worker-0/INFO] - butcher: 3.6.1
[01:15:29] [modloading-worker-0/INFO] - chipped: 3.0.7
[01:15:29] [modloading-worker-0/INFO] - citadel: 2.6.2
[01:15:29] [modloading-worker-0/INFO] - cloth_config: 11.1.136
[01:15:29] [modloading-worker-0/INFO] - comforts: 6.4.0+1.20.1
[01:15:29] [modloading-worker-0/INFO] - commonnetworking: 1.0.5-1.20.1
[01:15:29] [modloading-worker-0/INFO] - cpm: 0.6.24a
[01:15:29] [modloading-worker-0/INFO] - create: 6.0.6
[01:15:29] [modloading-worker-0/INFO] - createaddition: 1.20.1-1.3.1
[01:15:29] [modloading-worker-0/INFO] - createtaczauto: 1.5.1
[01:15:29] [modloading-worker-0/INFO] - cristellib: 1.1.6
[01:15:29] [modloading-worker-0/INFO] - cumulus_menus: 1.20.1-1.0.1-neoforge
[01:15:29] [modloading-worker-0/INFO] - curios: 5.14.1+1.20.1
[01:15:29] [modloading-worker-0/INFO] - dungeoncrawl: 2.3.15
[01:15:29] [modloading-worker-0/INFO] - dungeons_arise: 2.1.58-1.20.x
[01:15:29] [modloading-worker-0/INFO] - dungeons_arise_seven_seas: 1.0.2
[01:15:29] [modloading-worker-0/INFO] - dungeons_plus: 1.3.0
[01:15:29] [modloading-worker-0/INFO] - embeddium: 0.3.31+mc1.20.1
[01:15:29] [modloading-worker-0/INFO] - embeddium_extra: 0.5.4.4+mc1.20.1-build.131
[01:15:29] [modloading-worker-0/INFO] - emi: 1.1.22+1.20.1+forge
[01:15:29] [modloading-worker-0/INFO] - entityculling: 1.8.2
[01:15:29] [modloading-worker-0/INFO] - expanded_ecosphere: 3.2.4
[01:15:29] [modloading-worker-0/INFO] - ferritecore: 6.0.1
[01:15:29] [modloading-worker-0/INFO] - flywheel: 1.0.4
[01:15:29] [modloading-worker-0/INFO] - forge: 47.3.7
[01:15:29] [modloading-worker-0/INFO] - geckolib: 4.8.2
[01:15:29] [modloading-worker-0/INFO] - gravestone: 1.20.1-1.0.35
[01:15:29] [modloading-worker-0/INFO] - incendium: 5.3.1
[01:15:29] [modloading-worker-0/INFO] - jei: 15.20.0.116
[01:15:29] [modloading-worker-0/INFO] - justhammers: 2.0.3+mc1.20.1
[01:15:29] [modloading-worker-0/INFO] - kuma_api: 20.1.11
[01:15:29] [modloading-worker-0/INFO] - map_atlases: 1.20-6.0.17
[01:15:29] [modloading-worker-0/INFO] - minecraft: 1.20.1
[01:15:29] [modloading-worker-0/INFO] - mixinextras: 0.4.1
[01:15:29] [modloading-worker-0/INFO] - monolib: 2.1.0
[01:15:29] [modloading-worker-0/INFO] - moonlight: 1.20-2.16.13
[01:15:29] [modloading-worker-0/INFO] - mowziesmobs: 1.7.3
[01:15:29] [modloading-worker-0/INFO] - mr_limesplatus_ending: 1-v1.1.0c
[01:15:29] [modloading-worker-0/INFO] - new_shield_variants: 2.1.0
[01:15:29] [modloading-worker-0/INFO] - nitrogen_internals: 1.20.1-1.0.12-neoforge
[01:15:29] [modloading-worker-0/INFO] - noisium: 2.3.0+mc1.20-1.20.1
[01:15:29] [modloading-worker-0/INFO] - nordic_structures: 1.6.9
[01:15:29] [modloading-worker-0/INFO] - obscure_api: 15
[01:15:29] [modloading-worker-0/INFO] - offlineskins: 1.20.1-v1
[01:15:29] [modloading-worker-0/INFO] - patchouli: 1.20.1-84.1-FORGE
[01:15:29] [modloading-worker-0/INFO] - philipsruins: 5.6
[01:15:29] [modloading-worker-0/INFO] - playeranimator: 1.0.2-rc1+1.20
[01:15:29] [modloading-worker-0/INFO] - polymorph: 0.49.10+1.20.1
[01:15:29] [modloading-worker-0/INFO] - ponder: 1.0.80
[01:15:29] [modloading-worker-0/INFO] - realmrpg_skeletons: 1.1.0
[01:15:29] [modloading-worker-0/INFO] - resourcefullib: 2.1.29
[01:15:29] [modloading-worker-0/INFO] - ringsofascension: 2.0.0
[01:15:29] [modloading-worker-0/INFO] - roughlyenoughitems: 12.1.785
[01:15:29] [modloading-worker-0/INFO] - rubidium: 0.7.1
[01:15:29] [modloading-worker-0/INFO] - samurai_dynasty: 0.0.49-1.20.1-neo
[01:15:29] [modloading-worker-0/INFO] - spectrelib: 0.13.17+1.20.1
[01:15:29] [modloading-worker-0/INFO] - stalwart_dungeons: 1.2.8
[01:15:29] [modloading-worker-0/INFO] - starlight: 1.1.2+forge.1cda73c
[01:15:29] [modloading-worker-0/INFO] - tacz: 1.1.6-hotfix
[01:15:29] [modloading-worker-0/INFO] - tfmg: 1.0.2c
[01:15:29] [modloading-worker-0/INFO] - toms_storage: 1.7.1
[01:15:29] [modloading-worker-0/INFO] - trade_cycling: 1.20.1-1.0.18
[01:15:29] [modloading-worker-0/INFO] - transition: 1.0.3
[01:15:29] [modloading-worker-0/INFO] - treechop: 0.18.8
[01:15:29] [modloading-worker-0/INFO] - trender: 1.0.5
[01:15:29] [modloading-worker-0/INFO] - trowelsfork: 2.0.0
[01:15:29] [modloading-worker-0/INFO] - usefulslime: 1.8.1
[01:15:29] [modloading-worker-0/INFO] - veinmining: 1.5.0+1.20.1
[01:15:29] [modloading-worker-0/INFO] - vivecraft: 1.20.1-1.3.2
[01:15:29] [modloading-worker-0/INFO] - vivecraftcompat: 1.5.0
[01:15:29] [modloading-worker-0/INFO] - waystones: 14.1.17
[01:15:29] [modloading-worker-0/INFO] - weaponmaster_ydm: 4.2.3
[01:15:29] [modloading-worker-0/INFO] - xpbook: 2.1.8
[01:15:29] [modloading-worker-0/INFO] - yungsapi: 1.20-Forge-4.0.6
[01:15:29] [modloading-worker-0/INFO] ========================================
[01:15:29] [modloading-worker-0/INFO] [REI] Registered plugin provider AetherREIServerPlugin [aether] for REIPlugin
[01:15:29] [modloading-worker-0/INFO] [REI] Registered plugin provider DefaultPluginImpl [roughlyenoughitems] for REIServerPlugin
[01:15:29] [modloading-worker-0/INFO] [REI] Registered plugin provider DefaultPluginImpl [roughlyenoughitems] for REIPlugin
[01:15:29] [modloading-worker-0/INFO] [REI] Registered plugin provider DefaultRuntimePlugin [roughlyenoughitems] for REIServerPlugin
[01:15:29] [modloading-worker-0/INFO] [REI] Registered plugin provider DefaultRuntimePlugin [roughlyenoughitems] for REIPlugin
[01:15:29] [modloading-worker-0/INFO] [REI] Registered plugin provider AetherREIServerPlugin [aether] for REIServerPlugin
[01:15:59] [Worker-Main-3/DEBUG] [REI] Processed 0 tags in 1.563 ms for moonlight:map_markers
[01:15:59] [Worker-Main-3/DEBUG] [REI] Processed 5 tags in 904.2 μs for minecraft:sound_event
[01:15:59] [Worker-Main-2/DEBUG] [REI] Processed 2 tags in 29.02 μs for create:contraption_type
[01:15:59] [Worker-Main-2/DEBUG] [REI] Processed 0 tags in 8.726 μs for minecraft:worldgen/world_preset
[01:15:59] [Worker-Main-1/DEBUG] [REI] Processed 7 tags in 102.4 μs for minecraft:banner_pattern
[01:15:59] [Worker-Main-2/DEBUG] [REI] Processed 3 tags in 38.98 μs for minecraft:instrument
[01:15:59] [Worker-Main-1/DEBUG] [REI] Processed 0 tags in 9.978 μs for minecraft:worldgen/flat_level_generator_preset
[01:15:59] [Worker-Main-1/DEBUG] [REI] Processed 2 tags in 34.11 μs for minecraft:cat_variant
[01:15:59] [Worker-Main-1/DEBUG] [REI] Processed 3 tags in 163.7 μs for minecraft:point_of_interest_type
[01:15:59] [Worker-Main-1/DEBUG] [REI] Processed 0 tags in 42.47 μs for minecraft:worldgen/structure
[01:15:59] [Worker-Main-3/DEBUG] [REI] Processed 0 tags in 152.4 μs for minecraft:worldgen/biome
[01:15:59] [Worker-Main-3/DEBUG] [REI] Processed 0 tags in 11.89 μs for minecraft:worldgen/structure_set
[01:15:59] [Worker-Main-3/DEBUG] [REI] Processed 1 tags in 18.97 μs for minecraft:recipe_serializer
[01:15:59] [Worker-Main-3/DEBUG] [REI] Processed 39 tags in 237.0 μs for minecraft:fluid
[01:15:59] [Worker-Main-3/DEBUG] [REI] Processed 2 tags in 29.61 μs for create:mounted_item_storage_type
[01:15:59] [Worker-Main-3/DEBUG] [REI] Processed 181 tags in 1.081 ms for minecraft:entity_type
[01:15:59] [Worker-Main-3/DEBUG] [REI] Processed 3 tags in 34.87 μs for minecraft:enchantment
[01:15:59] [Worker-Main-3/DEBUG] [REI] Processed 5 tags in 168.8 μs for minecraft:game_event
[01:15:59] [Worker-Main-3/DEBUG] [REI] Processed 0 tags in 22.63 μs for minecraft:damage_type
[01:15:59] [Worker-Main-3/DEBUG] [REI] Processed 1 tags in 499.1 μs for minecraft:painting_variant
[01:15:59] [Worker-Main-2/DEBUG] [REI] Processed 1030 tags in 13.18 ms for minecraft:item
[01:15:59] [Worker-Main-1/DEBUG] [REI] Processed 893 tags in 12.74 ms for minecraft:block
[01:16:02] [main/DEBUG] [REI] Starting Reload Plugins of stage null
java.lang.Throwable
	at TRANSFORMER/roughlyenoughitems@12.1.785/me.shedaniel.rei.impl.common.plugins.ReloadManagerImpl.reloadPlugins(ReloadManagerImpl.java:110)
	at TRANSFORMER/roughlyenoughitems@12.1.785/me.shedaniel.rei.RoughlyEnoughItemsCore.lambda$onInitialize$5(RoughlyEnoughItemsCore.java:163)
	at java.base/java.util.concurrent.CompletableFuture$UniRun.tryFire(CompletableFuture.java:787)
	at java.base/java.util.concurrent.CompletableFuture$Completion.run(CompletableFuture.java:482)
	at TRANSFORMER/minecraft@1.20.1/net.minecraft.server.packs.resources.SimpleReloadInstance.m_143940_(SimpleReloadInstance.java:69)
	at TRANSFORMER/minecraft@1.20.1/net.minecraft.Util.m_214652_(Util.java:783)
	at TRANSFORMER/minecraft@1.20.1/net.minecraft.Util.m_214679_(Util.java:772)
	at TRANSFORMER/minecraft@1.20.1/net.minecraft.server.Main.main(Main.java:166)
	at java.base/jdk.internal.reflect.NativeMethodAccessorImpl.invoke0(Native Method)
	at java.base/jdk.internal.reflect.NativeMethodAccessorImpl.invoke(NativeMethodAccessorImpl.java:77)
	at java.base/jdk.internal.reflect.DelegatingMethodAccessorImpl.invoke(DelegatingMethodAccessorImpl.java:43)
	at java.base/java.lang.reflect.Method.invoke(Method.java:569)
	at MC-BOOTSTRAP/fmlloader@1.20.1-47.3.7/net.minecraftforge.fml.loading.targets.CommonLaunchHandler.runTarget(CommonLaunchHandler.java:111)
	at MC-BOOTSTRAP/fmlloader@1.20.1-47.3.7/net.minecraftforge.fml.loading.targets.CommonLaunchHandler.serverService(CommonLaunchHandler.java:103)
	at MC-BOOTSTRAP/fmlloader@1.20.1-47.3.7/net.minecraftforge.fml.loading.targets.CommonServerLaunchHandler.lambda$makeService$0(CommonServerLaunchHandler.java:27)
	at MC-BOOTSTRAP/cpw.mods.modlauncher@10.0.9/cpw.mods.modlauncher.LaunchServiceHandlerDecorator.launch(LaunchServiceHandlerDecorator.java:30)
	at MC-BOOTSTRAP/cpw.mods.modlauncher@10.0.9/cpw.mods.modlauncher.LaunchServiceHandler.launch(LaunchServiceHandler.java:53)
	at MC-BOOTSTRAP/cpw.mods.modlauncher@10.0.9/cpw.mods.modlauncher.LaunchServiceHandler.launch(LaunchServiceHandler.java:71)
	at MC-BOOTSTRAP/cpw.mods.modlauncher@10.0.9/cpw.mods.modlauncher.Launcher.run(Launcher.java:108)
	at MC-BOOTSTRAP/cpw.mods.modlauncher@10.0.9/cpw.mods.modlauncher.Launcher.main(Launcher.java:78)
	at MC-BOOTSTRAP/cpw.mods.modlauncher@10.0.9/cpw.mods.modlauncher.BootstrapLaunchConsumer.accept(BootstrapLaunchConsumer.java:26)
	at MC-BOOTSTRAP/cpw.mods.modlauncher@10.0.9/cpw.mods.modlauncher.BootstrapLaunchConsumer.accept(BootstrapLaunchConsumer.java:23)
	at cpw.mods.bootstraplauncher@1.1.2/cpw.mods.bootstraplauncher.BootstrapLauncher.main(BootstrapLauncher.java:141)
[01:16:02] [main/DEBUG] [REI] ========================================
[01:16:02] [main/DEBUG] [REI] REIPlugin starting pre-reload for START.
[01:16:02] [main/DEBUG] [REI] Reloadables (7):
[01:16:02] [main/DEBUG] [REI]  - EntryTypeRegistryImpl
[01:16:02] [main/DEBUG] [REI]  - EntrySettingsAdapterRegistryImpl
[01:16:02] [main/DEBUG] [REI]  - RecipeManagerContextImpl
[01:16:02] [main/DEBUG] [REI]  - ItemComparatorRegistryImpl
[01:16:02] [main/DEBUG] [REI]  - FluidComparatorRegistryImpl
[01:16:02] [main/DEBUG] [REI]  - DisplaySerializerRegistryImpl
[01:16:02] [main/DEBUG] [REI]  - FluidSupportProviderImpl
[01:16:02] [main/DEBUG] [REI] Plugins (3):
[01:16:02] [main/DEBUG] [REI]  - (-100.00) DefaultPluginImpl of DefaultPluginImpl [roughlyenoughitems]
[01:16:02] [main/DEBUG] [REI]  - (0.00) DefaultRuntimePlugin of DefaultRuntimePlugin [roughlyenoughitems]
[01:16:02] [main/DEBUG] [REI]  - (0.00) AetherREIServerPlugin of AetherREIServerPlugin [aether]
[01:16:02] [main/DEBUG] [REI] ========================================
[01:16:02] [main/TRACE] [REI] [REIPlugin START] Reloading Section: "pre-register/"
[01:16:02] [main/TRACE] [REI] [REIPlugin START] Reloading Section: "pre-register/DefaultPluginImpl of DefaultPluginImpl [roughlyenoughitems]/"
[01:16:02] [main/TRACE] [REI] [REIPlugin START] Reloading Section: "pre-register/DefaultPluginImpl of DefaultPluginImpl [roughlyenoughitems]/" done in 1.010 ms
[01:16:02] [main/TRACE] [REI] [REIPlugin START] Reloading Section: "pre-register/DefaultRuntimePlugin of DefaultRuntimePlugin [roughlyenoughitems]/"
[01:16:02] [main/TRACE] [REI] [REIPlugin START] Reloading Section: "pre-register/DefaultRuntimePlugin of DefaultRuntimePlugin [roughlyenoughitems]/" done in 75.55 μs
[01:16:02] [main/TRACE] [REI] [REIPlugin START] Reloading Section: "pre-register/AetherREIServerPlugin of AetherREIServerPlugin [aether]/"
[01:16:02] [main/TRACE] [REI] [REIPlugin START] Reloading Section: "pre-register/AetherREIServerPlugin of AetherREIServerPlugin [aether]/" done in 45.01 μs
[01:16:02] [main/TRACE] [REI] [REIPlugin START] Reloading Section: "pre-register/" done in 13.23 ms
[01:16:02] [main/TRACE] [REI] [REIPlugin START] Reloading Section: "pre-stage/"
[01:16:02] [main/TRACE] [REI] [REIPlugin START] Reloading Section: "pre-stage/EntryTypeRegistryImpl/"
[01:16:02] [main/TRACE] [REI] [REIPlugin START] Reloading Section: "pre-stage/EntryTypeRegistryImpl/" done in 269.0 μs
[01:16:02] [main/TRACE] [REI] [REIPlugin START] Reloading Section: "pre-stage/EntrySettingsAdapterRegistryImpl/"
[01:16:02] [main/TRACE] [REI] [REIPlugin START] Reloading Section: "pre-stage/EntrySettingsAdapterRegistryImpl/" done in 58.74 μs
[01:16:02] [main/TRACE] [REI] [REIPlugin START] Reloading Section: "pre-stage/RecipeManagerContextImpl/"
[01:16:02] [main/TRACE] [REI] [REIPlugin START] Reloading Section: "pre-stage/RecipeManagerContextImpl/" done in 38.55 μs
[01:16:02] [main/TRACE] [REI] [REIPlugin START] Reloading Section: "pre-stage/ItemComparatorRegistryImpl/"
[01:16:02] [main/TRACE] [REI] [REIPlugin START] Reloading Section: "pre-stage/ItemComparatorRegistryImpl/" done in 43.71 μs
[01:16:02] [main/TRACE] [REI] [REIPlugin START] Reloading Section: "pre-stage/FluidComparatorRegistryImpl/"
[01:16:02] [main/TRACE] [REI] [REIPlugin START] Reloading Section: "pre-stage/FluidComparatorRegistryImpl/" done in 40.28 μs
[01:16:02] [main/TRACE] [REI] [REIPlugin START] Reloading Section: "pre-stage/DisplaySerializerRegistryImpl/"
[01:16:02] [main/TRACE] [REI] [REIPlugin START] Reloading Section: "pre-stage/DisplaySerializerRegistryImpl/" done in 39.09 μs
[01:16:02] [main/TRACE] [REI] [REIPlugin START] Reloading Section: "pre-stage/FluidSupportProviderImpl/"
[01:16:02] [main/TRACE] [REI] [REIPlugin START] Reloading Section: "pre-stage/FluidSupportProviderImpl/" done in 56.62 μs
[01:16:02] [main/TRACE] [REI] [REIPlugin START] Reloading Section: "pre-stage/" done in 1.543 ms
[01:16:02] [main/DEBUG] [REI] ========================================
[01:16:02] [main/DEBUG] [REI] REIPlugin finished pre-reload for START in 15.42 ms.
[01:16:02] [main/DEBUG] [REI] ========================================
[01:16:02] [main/DEBUG] [REI] ========================================
[01:16:02] [main/DEBUG] [REI] REIServerPlugin starting pre-reload for START.
[01:16:02] [main/DEBUG] [REI] Reloadables (2):
[01:16:02] [main/DEBUG] [REI]  - MenuInfoRegistryImpl
[01:16:02] [main/DEBUG] [REI]  - SlotAccessorRegistryImpl
[01:16:02] [main/DEBUG] [REI] Plugins (3):
[01:16:02] [main/DEBUG] [REI]  - (-100.00) DefaultPluginImpl of DefaultPluginImpl [roughlyenoughitems]
[01:16:02] [main/DEBUG] [REI]  - (0.00) AetherREIServerPlugin of AetherREIServerPlugin [aether]
[01:16:02] [main/DEBUG] [REI]  - (0.00) DefaultRuntimePlugin of DefaultRuntimePlugin [roughlyenoughitems]
[01:16:02] [main/DEBUG] [REI] ========================================
[01:16:02] [main/TRACE] [REI] [REIServerPlugin START] Reloading Section: "pre-register/"
[01:16:02] [main/TRACE] [REI] [REIServerPlugin START] Reloading Section: "pre-register/DefaultPluginImpl of DefaultPluginImpl [roughlyenoughitems]/"
[01:16:02] [main/TRACE] [REI] [REIServerPlugin START] Reloading Section: "pre-register/DefaultPluginImpl of DefaultPluginImpl [roughlyenoughitems]/" done in 57.58 μs
[01:16:02] [main/TRACE] [REI] [REIServerPlugin START] Reloading Section: "pre-register/AetherREIServerPlugin of AetherREIServerPlugin [aether]/"
[01:16:02] [main/TRACE] [REI] [REIServerPlugin START] Reloading Section: "pre-register/AetherREIServerPlugin of AetherREIServerPlugin [aether]/" done in 35.42 μs
[01:16:02] [main/TRACE] [REI] [REIServerPlugin START] Reloading Section: "pre-register/DefaultRuntimePlugin of DefaultRuntimePlugin [roughlyenoughitems]/"
[01:16:02] [main/TRACE] [REI] [REIServerPlugin START] Reloading Section: "pre-register/DefaultRuntimePlugin of DefaultRuntimePlugin [roughlyenoughitems]/" done in 82.19 μs
[01:16:02] [main/TRACE] [REI] [REIServerPlugin START] Reloading Section: "pre-register/" done in 512.4 μs
[01:16:02] [main/TRACE] [REI] [REIServerPlugin START] Reloading Section: "pre-stage/"
[01:16:02] [main/TRACE] [REI] [REIServerPlugin START] Reloading Section: "pre-stage/MenuInfoRegistryImpl/"
[01:16:02] [main/TRACE] [REI] [REIServerPlugin START] Reloading Section: "pre-stage/MenuInfoRegistryImpl/" done in 36.57 μs
[01:16:02] [main/TRACE] [REI] [REIServerPlugin START] Reloading Section: "pre-stage/SlotAccessorRegistryImpl/"
[01:16:02] [main/TRACE] [REI] [REIServerPlugin START] Reloading Section: "pre-stage/SlotAccessorRegistryImpl/" done in 35.00 μs
[01:16:02] [main/TRACE] [REI] [REIServerPlugin START] Reloading Section: "pre-stage/" done in 317.4 μs
[01:16:02] [main/DEBUG] [REI] ========================================
[01:16:02] [main/DEBUG] [REI] REIServerPlugin finished pre-reload for START in 1.022 ms.
[01:16:02] [main/DEBUG] [REI] ========================================
[01:16:02] [main/INFO] [REI] OOOOOOOOOOOOOOOOOOOOOOOOOOOOOOOOOOOOOOOO
[01:16:02] [main/INFO] [REI] REIPlugin starting main-reload for START.
[01:16:02] [main/DEBUG] [REI] Reloadables (7):
[01:16:02] [main/DEBUG] [REI]  - EntryTypeRegistryImpl
[01:16:02] [main/DEBUG] [REI]  - EntrySettingsAdapterRegistryImpl
[01:16:02] [main/DEBUG] [REI]  - RecipeManagerContextImpl
[01:16:02] [main/DEBUG] [REI]  - ItemComparatorRegistryImpl
[01:16:02] [main/DEBUG] [REI]  - FluidComparatorRegistryImpl
[01:16:02] [main/DEBUG] [REI]  - DisplaySerializerRegistryImpl
[01:16:02] [main/DEBUG] [REI]  - FluidSupportProviderImpl
[01:16:02] [main/INFO] [REI] Plugins (3):
[01:16:02] [main/INFO] [REI]  - (-100.00) DefaultPluginImpl of DefaultPluginImpl [roughlyenoughitems]
[01:16:02] [main/INFO] [REI]  - (0.00) DefaultRuntimePlugin of DefaultRuntimePlugin [roughlyenoughitems]
[01:16:02] [main/INFO] [REI]  - (0.00) AetherREIServerPlugin of AetherREIServerPlugin [aether]
[01:16:02] [main/INFO] [REI] OOOOOOOOOOOOOOOOOOOOOOOOOOOOOOOOOOOOOOOO
[01:16:02] [main/TRACE] [REI] [REIPlugin START] Reloading Section: "start-reload/"
[01:16:02] [main/TRACE] [REI] [REIPlugin START] Reloading Section: "start-reload/EntryTypeRegistryImpl/"
[01:16:02] [main/TRACE] [REI] [REIPlugin START] Reloading Section: "start-reload/EntryTypeRegistryImpl/" done in 125.4 μs
[01:16:02] [main/TRACE] [REI] [REIPlugin START] Reloading Section: "start-reload/EntrySettingsAdapterRegistryImpl/"
[01:16:02] [main/TRACE] [REI] [REIPlugin START] Reloading Section: "start-reload/EntrySettingsAdapterRegistryImpl/" done in 86.35 μs
[01:16:02] [main/TRACE] [REI] [REIPlugin START] Reloading Section: "start-reload/RecipeManagerContextImpl/"
[01:16:02] [main/TRACE] [REI] [REIPlugin START] Reloading Section: "start-reload/RecipeManagerContextImpl/" done in 65.11 μs
[01:16:02] [main/TRACE] [REI] [REIPlugin START] Reloading Section: "start-reload/ItemComparatorRegistryImpl/"
[01:16:02] [main/TRACE] [REI] [REIPlugin START] Reloading Section: "start-reload/ItemComparatorRegistryImpl/" done in 66.46 μs
[01:16:02] [main/TRACE] [REI] [REIPlugin START] Reloading Section: "start-reload/FluidComparatorRegistryImpl/"
[01:16:02] [main/TRACE] [REI] [REIPlugin START] Reloading Section: "start-reload/FluidComparatorRegistryImpl/" done in 48.40 μs
[01:16:02] [main/TRACE] [REI] [REIPlugin START] Reloading Section: "start-reload/DisplaySerializerRegistryImpl/"
[01:16:02] [main/TRACE] [REI] [REIPlugin START] Reloading Section: "start-reload/DisplaySerializerRegistryImpl/" done in 46.94 μs
[01:16:02] [main/TRACE] [REI] [REIPlugin START] Reloading Section: "start-reload/FluidSupportProviderImpl/"
[01:16:02] [main/TRACE] [REI] [REIPlugin START] Reloading Section: "start-reload/FluidSupportProviderImpl/" done in 99.99 μs
[01:16:02] [main/TRACE] [REI] [REIPlugin START] Reloading Section: "start-reload/" done in 1.598 ms
[01:16:02] [main/DEBUG] [REI] ========================================
[01:16:02] [main/DEBUG] [REI] REIPlugin started main-reload for START.
[01:16:02] [main/DEBUG] [REI] ========================================
[01:16:02] [main/TRACE] [REI] [REIPlugin START] Reloading Section: "reloadable-plugin/EntryTypeRegistryImpl/"
[01:16:02] [main/TRACE] [REI] [REIPlugin START] Reloading Section: "reloadable-plugin/EntryTypeRegistryImpl/DefaultPluginImpl of DefaultPluginImpl [roughlyenoughitems]/"
[01:16:02] [main/TRACE] [REI] [REIPlugin START] Reloading Section: "reloadable-plugin/EntryTypeRegistryImpl/DefaultPluginImpl of DefaultPluginImpl [roughlyenoughitems]/" done in 291.7 μs
[01:16:02] [main/TRACE] [REI] [REIPlugin START] Reloading Section: "reloadable-plugin/EntryTypeRegistryImpl/DefaultRuntimePlugin of DefaultRuntimePlugin [roughlyenoughitems]/"
[01:16:02] [main/TRACE] [REI] [REIPlugin START] Reloading Section: "reloadable-plugin/EntryTypeRegistryImpl/DefaultRuntimePlugin of DefaultRuntimePlugin [roughlyenoughitems]/" done in 8.805 ms
[01:16:02] [main/TRACE] [REI] [REIPlugin START] Reloading Section: "reloadable-plugin/EntryTypeRegistryImpl/AetherREIServerPlugin of AetherREIServerPlugin [aether]/"
[01:16:02] [main/TRACE] [REI] [REIPlugin START] Reloading Section: "reloadable-plugin/EntryTypeRegistryImpl/AetherREIServerPlugin of AetherREIServerPlugin [aether]/" done in 91.96 μs
[01:16:02] [main/TRACE] [REI] [REIPlugin START] Reloading Section: "reloadable-plugin/EntryTypeRegistryImpl/" done in 10.42 ms
[01:16:02] [main/TRACE] [REI] [REIPlugin START] Reloading Section: "reloadable-plugin/EntrySettingsAdapterRegistryImpl/"
[01:16:02] [main/TRACE] [REI] [REIPlugin START] Reloading Section: "reloadable-plugin/EntrySettingsAdapterRegistryImpl/DefaultPluginImpl of DefaultPluginImpl [roughlyenoughitems]/"
[01:16:02] [main/TRACE] [REI] [REIPlugin START] Reloading Section: "reloadable-plugin/EntrySettingsAdapterRegistryImpl/DefaultPluginImpl of DefaultPluginImpl [roughlyenoughitems]/" done in 84.91 μs
[01:16:02] [main/TRACE] [REI] [REIPlugin START] Reloading Section: "reloadable-plugin/EntrySettingsAdapterRegistryImpl/DefaultRuntimePlugin of DefaultRuntimePlugin [roughlyenoughitems]/"
[01:16:02] [main/TRACE] [REI] [REIPlugin START] Reloading Section: "reloadable-plugin/EntrySettingsAdapterRegistryImpl/DefaultRuntimePlugin of DefaultRuntimePlugin [roughlyenoughitems]/" done in 81.50 μs
[01:16:02] [main/TRACE] [REI] [REIPlugin START] Reloading Section: "reloadable-plugin/EntrySettingsAdapterRegistryImpl/AetherREIServerPlugin of AetherREIServerPlugin [aether]/"
[01:16:02] [main/TRACE] [REI] [REIPlugin START] Reloading Section: "reloadable-plugin/EntrySettingsAdapterRegistryImpl/AetherREIServerPlugin of AetherREIServerPlugin [aether]/" done in 56.64 μs
[01:16:02] [main/TRACE] [REI] [REIPlugin START] Reloading Section: "reloadable-plugin/EntrySettingsAdapterRegistryImpl/" done in 686.9 μs
[01:16:02] [main/TRACE] [REI] [REIPlugin START] Reloading Section: "reloadable-plugin/RecipeManagerContextImpl/"
[01:16:02] [main/TRACE] [REI] [REIPlugin START] Reloading Section: "reloadable-plugin/RecipeManagerContextImpl/DefaultPluginImpl of DefaultPluginImpl [roughlyenoughitems]/"
[01:16:02] [main/TRACE] [REI] [REIPlugin START] Reloading Section: "reloadable-plugin/RecipeManagerContextImpl/DefaultPluginImpl of DefaultPluginImpl [roughlyenoughitems]/" done in 41.96 μs
[01:16:02] [main/TRACE] [REI] [REIPlugin START] Reloading Section: "reloadable-plugin/RecipeManagerContextImpl/DefaultRuntimePlugin of DefaultRuntimePlugin [roughlyenoughitems]/"
[01:16:02] [main/TRACE] [REI] [REIPlugin START] Reloading Section: "reloadable-plugin/RecipeManagerContextImpl/DefaultRuntimePlugin of DefaultRuntimePlugin [roughlyenoughitems]/" done in 82.60 μs
[01:16:02] [main/TRACE] [REI] [REIPlugin START] Reloading Section: "reloadable-plugin/RecipeManagerContextImpl/AetherREIServerPlugin of AetherREIServerPlugin [aether]/"
[01:16:02] [main/TRACE] [REI] [REIPlugin START] Reloading Section: "reloadable-plugin/RecipeManagerContextImpl/AetherREIServerPlugin of AetherREIServerPlugin [aether]/" done in 62.92 μs
[01:16:02] [main/TRACE] [REI] [REIPlugin START] Reloading Section: "reloadable-plugin/RecipeManagerContextImpl/" done in 562.8 μs
[01:16:02] [main/TRACE] [REI] [REIPlugin START] Reloading Section: "reloadable-plugin/ItemComparatorRegistryImpl/"
[01:16:02] [main/TRACE] [REI] [REIPlugin START] Reloading Section: "reloadable-plugin/ItemComparatorRegistryImpl/DefaultPluginImpl of DefaultPluginImpl [roughlyenoughitems]/"
[01:16:02] [main/TRACE] [REI] [REIPlugin START] Reloading Section: "reloadable-plugin/ItemComparatorRegistryImpl/DefaultPluginImpl of DefaultPluginImpl [roughlyenoughitems]/" done in 1.005 ms
[01:16:02] [main/TRACE] [REI] [REIPlugin START] Reloading Section: "reloadable-plugin/ItemComparatorRegistryImpl/DefaultRuntimePlugin of DefaultRuntimePlugin [roughlyenoughitems]/"
[01:16:02] [main/TRACE] [REI] [REIPlugin START] Reloading Section: "reloadable-plugin/ItemComparatorRegistryImpl/DefaultRuntimePlugin of DefaultRuntimePlugin [roughlyenoughitems]/" done in 111.0 μs
[01:16:02] [main/TRACE] [REI] [REIPlugin START] Reloading Section: "reloadable-plugin/ItemComparatorRegistryImpl/AetherREIServerPlugin of AetherREIServerPlugin [aether]/"
[01:16:02] [main/TRACE] [REI] [REIPlugin START] Reloading Section: "reloadable-plugin/ItemComparatorRegistryImpl/AetherREIServerPlugin of AetherREIServerPlugin [aether]/" done in 56.63 μs
[01:16:02] [main/TRACE] [REI] [REIPlugin START] Reloading Section: "reloadable-plugin/ItemComparatorRegistryImpl/" done in 1.649 ms
[01:16:02] [main/TRACE] [REI] [REIPlugin START] Reloading Section: "reloadable-plugin/FluidComparatorRegistryImpl/"
[01:16:02] [main/TRACE] [REI] [REIPlugin START] Reloading Section: "reloadable-plugin/FluidComparatorRegistryImpl/DefaultPluginImpl of DefaultPluginImpl [roughlyenoughitems]/"
[01:16:02] [main/TRACE] [REI] [REIPlugin START] Reloading Section: "reloadable-plugin/FluidComparatorRegistryImpl/DefaultPluginImpl of DefaultPluginImpl [roughlyenoughitems]/" done in 68.85 μs
[01:16:02] [main/TRACE] [REI] [REIPlugin START] Reloading Section: "reloadable-plugin/FluidComparatorRegistryImpl/DefaultRuntimePlugin of DefaultRuntimePlugin [roughlyenoughitems]/"
[01:16:02] [main/TRACE] [REI] [REIPlugin START] Reloading Section: "reloadable-plugin/FluidComparatorRegistryImpl/DefaultRuntimePlugin of DefaultRuntimePlugin [roughlyenoughitems]/" done in 64.00 μs
[01:16:02] [main/TRACE] [REI] [REIPlugin START] Reloading Section: "reloadable-plugin/FluidComparatorRegistryImpl/AetherREIServerPlugin of AetherREIServerPlugin [aether]/"
[01:16:02] [main/TRACE] [REI] [REIPlugin START] Reloading Section: "reloadable-plugin/FluidComparatorRegistryImpl/AetherREIServerPlugin of AetherREIServerPlugin [aether]/" done in 80.87 μs
[01:16:02] [main/TRACE] [REI] [REIPlugin START] Reloading Section: "reloadable-plugin/FluidComparatorRegistryImpl/" done in 679.5 μs
[01:16:02] [main/TRACE] [REI] [REIPlugin START] Reloading Section: "reloadable-plugin/DisplaySerializerRegistryImpl/"
[01:16:02] [main/TRACE] [REI] [REIPlugin START] Reloading Section: "reloadable-plugin/DisplaySerializerRegistryImpl/DefaultPluginImpl of DefaultPluginImpl [roughlyenoughitems]/"
[01:16:02] [main/TRACE] [REI] [REIPlugin START] Reloading Section: "reloadable-plugin/DisplaySerializerRegistryImpl/DefaultPluginImpl of DefaultPluginImpl [roughlyenoughitems]/" done in 60.38 μs
[01:16:02] [main/TRACE] [REI] [REIPlugin START] Reloading Section: "reloadable-plugin/DisplaySerializerRegistryImpl/DefaultRuntimePlugin of DefaultRuntimePlugin [roughlyenoughitems]/"
[01:16:02] [main/TRACE] [REI] [REIPlugin START] Reloading Section: "reloadable-plugin/DisplaySerializerRegistryImpl/DefaultRuntimePlugin of DefaultRuntimePlugin [roughlyenoughitems]/" done in 56.85 μs
[01:16:02] [main/TRACE] [REI] [REIPlugin START] Reloading Section: "reloadable-plugin/DisplaySerializerRegistryImpl/AetherREIServerPlugin of AetherREIServerPlugin [aether]/"
[01:16:02] [main/TRACE] [REI] [REIPlugin START] Reloading Section: "reloadable-plugin/DisplaySerializerRegistryImpl/AetherREIServerPlugin of AetherREIServerPlugin [aether]/" done in 55.87 μs
[01:16:02] [main/TRACE] [REI] [REIPlugin START] Reloading Section: "reloadable-plugin/DisplaySerializerRegistryImpl/" done in 623.0 μs
[01:16:02] [main/TRACE] [REI] [REIPlugin START] Reloading Section: "reloadable-plugin/FluidSupportProviderImpl/"
[01:16:02] [main/TRACE] [REI] [REIPlugin START] Reloading Section: "reloadable-plugin/FluidSupportProviderImpl/DefaultPluginImpl of DefaultPluginImpl [roughlyenoughitems]/"
[01:16:02] [main/TRACE] [REI] [REIPlugin START] Reloading Section: "reloadable-plugin/FluidSupportProviderImpl/DefaultPluginImpl of DefaultPluginImpl [roughlyenoughitems]/" done in 655.1 μs
[01:16:02] [main/TRACE] [REI] [REIPlugin START] Reloading Section: "reloadable-plugin/FluidSupportProviderImpl/DefaultRuntimePlugin of DefaultRuntimePlugin [roughlyenoughitems]/"
[01:16:02] [main/TRACE] [REI] [REIPlugin START] Reloading Section: "reloadable-plugin/FluidSupportProviderImpl/DefaultRuntimePlugin of DefaultRuntimePlugin [roughlyenoughitems]/" done in 84.69 μs
[01:16:02] [main/TRACE] [REI] [REIPlugin START] Reloading Section: "reloadable-plugin/FluidSupportProviderImpl/AetherREIServerPlugin of AetherREIServerPlugin [aether]/"
[01:16:02] [main/TRACE] [REI] [REIPlugin START] Reloading Section: "reloadable-plugin/FluidSupportProviderImpl/AetherREIServerPlugin of AetherREIServerPlugin [aether]/" done in 58.17 μs
[01:16:02] [main/TRACE] [REI] [REIPlugin START] Reloading Section: "reloadable-plugin/FluidSupportProviderImpl/" done in 1.277 ms
[01:16:02] [main/DEBUG] [REI] ========================================
[01:16:02] [main/DEBUG] [REI] REIPlugin ending main-reload for START.
[01:16:02] [main/DEBUG] [REI] ========================================
[01:16:02] [main/TRACE] [REI] [REIPlugin START] Reloading Section: "end-reload/"
[01:16:02] [main/TRACE] [REI] [REIPlugin START] Reloading Section: "end-reload/EntryTypeRegistryImpl/"
[01:16:02] [main/TRACE] [REI] [REIPlugin START] Reloading Section: "end-reload/EntryTypeRegistryImpl/" done in 106.0 μs
[01:16:02] [main/TRACE] [REI] [REIPlugin START] Reloading Section: "end-reload/EntrySettingsAdapterRegistryImpl/"
[01:16:02] [main/TRACE] [REI] [REIPlugin START] Reloading Section: "end-reload/EntrySettingsAdapterRegistryImpl/" done in 61.57 μs
[01:16:02] [main/TRACE] [REI] [REIPlugin START] Reloading Section: "end-reload/RecipeManagerContextImpl/"
[01:16:02] [main/TRACE] [REI] [REIPlugin START] Reloading Section: "end-reload/RecipeManagerContextImpl/" done in 82.12 μs
[01:16:02] [main/TRACE] [REI] [REIPlugin START] Reloading Section: "end-reload/ItemComparatorRegistryImpl/"
[01:16:02] [main/TRACE] [REI] [REIPlugin START] Reloading Section: "end-reload/ItemComparatorRegistryImpl/" done in 57.60 μs
[01:16:02] [main/TRACE] [REI] [REIPlugin START] Reloading Section: "end-reload/FluidComparatorRegistryImpl/"
[01:16:02] [main/TRACE] [REI] [REIPlugin START] Reloading Section: "end-reload/FluidComparatorRegistryImpl/" done in 56.29 μs
[01:16:02] [main/TRACE] [REI] [REIPlugin START] Reloading Section: "end-reload/DisplaySerializerRegistryImpl/"
[01:16:02] [main/TRACE] [REI] [REIPlugin START] Reloading Section: "end-reload/DisplaySerializerRegistryImpl/" done in 51.24 μs
[01:16:02] [main/TRACE] [REI] [REIPlugin START] Reloading Section: "end-reload/FluidSupportProviderImpl/"
[01:16:02] [main/TRACE] [REI] [REIPlugin START] Reloading Section: "end-reload/FluidSupportProviderImpl/" done in 55.55 μs
[01:16:02] [main/TRACE] [REI] [REIPlugin START] Reloading Section: "end-reload/" done in 1.362 ms
[01:16:02] [main/DEBUG] [REI] ========================================
[01:16:02] [main/DEBUG] [REI] REIPlugin ended main-reload for START in 23.07 ms.
[01:16:02] [main/DEBUG] [REI] ========================================
[01:16:02] [main/INFO] [REI] %%%%%%%%%%%%%%%%%%%%%%%%%%%%%%%%%%%%%%%%
[01:16:02] [main/INFO] [REI] REIServerPlugin starting main-reload for START.
[01:16:02] [main/DEBUG] [REI] Reloadables (2):
[01:16:02] [main/DEBUG] [REI]  - MenuInfoRegistryImpl
[01:16:02] [main/DEBUG] [REI]  - SlotAccessorRegistryImpl
[01:16:02] [main/INFO] [REI] Plugins (3):
[01:16:02] [main/INFO] [REI]  - (-100.00) DefaultPluginImpl of DefaultPluginImpl [roughlyenoughitems]
[01:16:02] [main/INFO] [REI]  - (0.00) AetherREIServerPlugin of AetherREIServerPlugin [aether]
[01:16:02] [main/INFO] [REI]  - (0.00) DefaultRuntimePlugin of DefaultRuntimePlugin [roughlyenoughitems]
[01:16:02] [main/INFO] [REI] %%%%%%%%%%%%%%%%%%%%%%%%%%%%%%%%%%%%%%%%
[01:16:02] [main/TRACE] [REI] [REIServerPlugin START] Reloading Section: "start-reload/"
[01:16:02] [main/TRACE] [REI] [REIServerPlugin START] Reloading Section: "start-reload/MenuInfoRegistryImpl/"
[01:16:02] [main/TRACE] [REI] [REIServerPlugin START] Reloading Section: "start-reload/MenuInfoRegistryImpl/" done in 83.00 μs
[01:16:02] [main/TRACE] [REI] [REIServerPlugin START] Reloading Section: "start-reload/SlotAccessorRegistryImpl/"
[01:16:02] [main/TRACE] [REI] [REIServerPlugin START] Reloading Section: "start-reload/SlotAccessorRegistryImpl/" done in 56.09 μs
[01:16:02] [main/TRACE] [REI] [REIServerPlugin START] Reloading Section: "start-reload/" done in 411.3 μs
[01:16:02] [main/DEBUG] [REI] ========================================
[01:16:02] [main/DEBUG] [REI] REIServerPlugin started main-reload for START.
[01:16:02] [main/DEBUG] [REI] ========================================
[01:16:02] [main/TRACE] [REI] [REIServerPlugin START] Reloading Section: "reloadable-plugin/MenuInfoRegistryImpl/"
[01:16:02] [main/TRACE] [REI] [REIServerPlugin START] Reloading Section: "reloadable-plugin/MenuInfoRegistryImpl/DefaultPluginImpl of DefaultPluginImpl [roughlyenoughitems]/"
[01:16:02] [main/TRACE] [REI] [REIServerPlugin START] Reloading Section: "reloadable-plugin/MenuInfoRegistryImpl/DefaultPluginImpl of DefaultPluginImpl [roughlyenoughitems]/" done in 58.64 μs
[01:16:02] [main/TRACE] [REI] [REIServerPlugin START] Reloading Section: "reloadable-plugin/MenuInfoRegistryImpl/AetherREIServerPlugin of AetherREIServerPlugin [aether]/"
[01:16:02] [main/TRACE] [REI] [REIServerPlugin START] Reloading Section: "reloadable-plugin/MenuInfoRegistryImpl/AetherREIServerPlugin of AetherREIServerPlugin [aether]/" done in 52.17 μs
[01:16:02] [main/TRACE] [REI] [REIServerPlugin START] Reloading Section: "reloadable-plugin/MenuInfoRegistryImpl/DefaultRuntimePlugin of DefaultRuntimePlugin [roughlyenoughitems]/"
[01:16:02] [main/TRACE] [REI] [REIServerPlugin START] Reloading Section: "reloadable-plugin/MenuInfoRegistryImpl/DefaultRuntimePlugin of DefaultRuntimePlugin [roughlyenoughitems]/" done in 68.31 μs
[01:16:02] [main/TRACE] [REI] [REIServerPlugin START] Reloading Section: "reloadable-plugin/MenuInfoRegistryImpl/" done in 588.9 μs
[01:16:02] [main/TRACE] [REI] [REIServerPlugin START] Reloading Section: "reloadable-plugin/SlotAccessorRegistryImpl/"
[01:16:02] [main/TRACE] [REI] [REIServerPlugin START] Reloading Section: "reloadable-plugin/SlotAccessorRegistryImpl/DefaultPluginImpl of DefaultPluginImpl [roughlyenoughitems]/"
[01:16:02] [main/TRACE] [REI] [REIServerPlugin START] Reloading Section: "reloadable-plugin/SlotAccessorRegistryImpl/DefaultPluginImpl of DefaultPluginImpl [roughlyenoughitems]/" done in 61.87 μs
[01:16:02] [main/TRACE] [REI] [REIServerPlugin START] Reloading Section: "reloadable-plugin/SlotAccessorRegistryImpl/AetherREIServerPlugin of AetherREIServerPlugin [aether]/"
[01:16:02] [main/TRACE] [REI] [REIServerPlugin START] Reloading Section: "reloadable-plugin/SlotAccessorRegistryImpl/AetherREIServerPlugin of AetherREIServerPlugin [aether]/" done in 49.07 μs
[01:16:02] [main/TRACE] [REI] [REIServerPlugin START] Reloading Section: "reloadable-plugin/SlotAccessorRegistryImpl/DefaultRuntimePlugin of DefaultRuntimePlugin [roughlyenoughitems]/"
[01:16:02] [main/TRACE] [REI] [REIServerPlugin START] Reloading Section: "reloadable-plugin/SlotAccessorRegistryImpl/DefaultRuntimePlugin of DefaultRuntimePlugin [roughlyenoughitems]/" done in 53.93 μs
[01:16:02] [main/TRACE] [REI] [REIServerPlugin START] Reloading Section: "reloadable-plugin/SlotAccessorRegistryImpl/" done in 535.8 μs
[01:16:02] [main/DEBUG] [REI] ========================================
[01:16:02] [main/DEBUG] [REI] REIServerPlugin ending main-reload for START.
[01:16:02] [main/DEBUG] [REI] ========================================
[01:16:02] [main/TRACE] [REI] [REIServerPlugin START] Reloading Section: "end-reload/"
[01:16:02] [main/TRACE] [REI] [REIServerPlugin START] Reloading Section: "end-reload/MenuInfoRegistryImpl/"
[01:16:02] [main/TRACE] [REI] [REIServerPlugin START] Reloading Section: "end-reload/MenuInfoRegistryImpl/" done in 42.91 μs
[01:16:02] [main/TRACE] [REI] [REIServerPlugin START] Reloading Section: "end-reload/SlotAccessorRegistryImpl/"
[01:16:02] [main/TRACE] [REI] [REIServerPlugin START] Reloading Section: "end-reload/SlotAccessorRegistryImpl/" done in 62.49 μs
[01:16:02] [main/TRACE] [REI] [REIServerPlugin START] Reloading Section: "end-reload/" done in 339.6 μs
[01:16:02] [main/DEBUG] [REI] ========================================
[01:16:02] [main/DEBUG] [REI] REIServerPlugin ended main-reload for START in 4.226 ms.
[01:16:02] [main/DEBUG] [REI] ========================================
[01:16:02] [main/DEBUG] [REI] ========================================
[01:16:02] [main/DEBUG] [REI] REIPlugin starting post-reload for START.
[01:16:02] [main/DEBUG] [REI] Reloadables (7):
[01:16:02] [main/DEBUG] [REI]  - EntryTypeRegistryImpl
[01:16:02] [main/DEBUG] [REI]  - EntrySettingsAdapterRegistryImpl
[01:16:02] [main/DEBUG] [REI]  - RecipeManagerContextImpl
[01:16:02] [main/DEBUG] [REI]  - ItemComparatorRegistryImpl
[01:16:02] [main/DEBUG] [REI]  - FluidComparatorRegistryImpl
[01:16:02] [main/DEBUG] [REI]  - DisplaySerializerRegistryImpl
[01:16:02] [main/DEBUG] [REI]  - FluidSupportProviderImpl
[01:16:02] [main/DEBUG] [REI] Plugins (3):
[01:16:02] [main/DEBUG] [REI]  - (-100.00) DefaultPluginImpl of DefaultPluginImpl [roughlyenoughitems]
[01:16:02] [main/DEBUG] [REI]  - (0.00) DefaultRuntimePlugin of DefaultRuntimePlugin [roughlyenoughitems]
[01:16:02] [main/DEBUG] [REI]  - (0.00) AetherREIServerPlugin of AetherREIServerPlugin [aether]
[01:16:02] [main/DEBUG] [REI] ========================================
[01:16:02] [main/TRACE] [REI] [REIPlugin START] Reloading Section: "post-register/"
[01:16:02] [main/TRACE] [REI] [REIPlugin START] Reloading Section: "post-register/DefaultPluginImpl of DefaultPluginImpl [roughlyenoughitems]/"
[01:16:02] [main/TRACE] [REI] [REIPlugin START] Reloading Section: "post-register/DefaultPluginImpl of DefaultPluginImpl [roughlyenoughitems]/" done in 257.6 μs
[01:16:02] [main/TRACE] [REI] [REIPlugin START] Reloading Section: "post-register/DefaultRuntimePlugin of DefaultRuntimePlugin [roughlyenoughitems]/"
[01:16:02] [main/TRACE] [REI] [REIPlugin START] Reloading Section: "post-register/DefaultRuntimePlugin of DefaultRuntimePlugin [roughlyenoughitems]/" done in 50.03 μs
[01:16:02] [main/TRACE] [REI] [REIPlugin START] Reloading Section: "post-register/AetherREIServerPlugin of AetherREIServerPlugin [aether]/"
[01:16:02] [main/TRACE] [REI] [REIPlugin START] Reloading Section: "post-register/AetherREIServerPlugin of AetherREIServerPlugin [aether]/" done in 48.79 μs
[01:16:02] [main/TRACE] [REI] [REIPlugin START] Reloading Section: "post-register/" done in 915.8 μs
[01:16:02] [main/TRACE] [REI] [REIPlugin START] Reloading Section: "post-stage/"
[01:16:02] [main/TRACE] [REI] [REIPlugin START] Reloading Section: "post-stage/EntryTypeRegistryImpl/"
[01:16:02] [main/TRACE] [REI] [REIPlugin START] Reloading Section: "post-stage/EntryTypeRegistryImpl/" done in 61.15 μs
[01:16:02] [main/TRACE] [REI] [REIPlugin START] Reloading Section: "post-stage/EntrySettingsAdapterRegistryImpl/"
[01:16:02] [main/TRACE] [REI] [REIPlugin START] Reloading Section: "post-stage/EntrySettingsAdapterRegistryImpl/" done in 40.24 μs
[01:16:02] [main/TRACE] [REI] [REIPlugin START] Reloading Section: "post-stage/RecipeManagerContextImpl/"
[01:16:02] [main/TRACE] [REI] [REIPlugin START] Reloading Section: "post-stage/RecipeManagerContextImpl/" done in 72.91 μs
[01:16:02] [main/TRACE] [REI] [REIPlugin START] Reloading Section: "post-stage/ItemComparatorRegistryImpl/"
[01:16:02] [main/TRACE] [REI] [REIPlugin START] Reloading Section: "post-stage/ItemComparatorRegistryImpl/" done in 41.02 μs
[01:16:02] [main/TRACE] [REI] [REIPlugin START] Reloading Section: "post-stage/FluidComparatorRegistryImpl/"
[01:16:02] [main/TRACE] [REI] [REIPlugin START] Reloading Section: "post-stage/FluidComparatorRegistryImpl/" done in 40.41 μs
[01:16:02] [main/TRACE] [REI] [REIPlugin START] Reloading Section: "post-stage/DisplaySerializerRegistryImpl/"
[01:16:02] [main/TRACE] [REI] [REIPlugin START] Reloading Section: "post-stage/DisplaySerializerRegistryImpl/" done in 39.27 μs
[01:16:02] [main/TRACE] [REI] [REIPlugin START] Reloading Section: "post-stage/FluidSupportProviderImpl/"
[01:16:02] [main/TRACE] [REI] [REIPlugin START] Reloading Section: "post-stage/FluidSupportProviderImpl/" done in 51.04 μs
[01:16:02] [main/TRACE] [REI] [REIPlugin START] Reloading Section: "post-stage/" done in 1.093 ms
[01:16:02] [main/DEBUG] [REI] ========================================
[01:16:02] [main/INFO] [REI] REIPlugin finished post-reload for START in 2.179 ms, totaling 40.63 ms.
[01:16:02] [main/DEBUG] [REI] ========================================
[01:16:02] [main/DEBUG] [REI] ========================================
[01:16:02] [main/DEBUG] [REI] REIServerPlugin starting post-reload for START.
[01:16:02] [main/DEBUG] [REI] Reloadables (2):
[01:16:02] [main/DEBUG] [REI]  - MenuInfoRegistryImpl
[01:16:02] [main/DEBUG] [REI]  - SlotAccessorRegistryImpl
[01:16:02] [main/DEBUG] [REI] Plugins (3):
[01:16:02] [main/DEBUG] [REI]  - (-100.00) DefaultPluginImpl of DefaultPluginImpl [roughlyenoughitems]
[01:16:02] [main/DEBUG] [REI]  - (0.00) AetherREIServerPlugin of AetherREIServerPlugin [aether]
[01:16:02] [main/DEBUG] [REI]  - (0.00) DefaultRuntimePlugin of DefaultRuntimePlugin [roughlyenoughitems]
[01:16:02] [main/DEBUG] [REI] ========================================
[01:16:02] [main/TRACE] [REI] [REIServerPlugin START] Reloading Section: "post-register/"
[01:16:02] [main/TRACE] [REI] [REIServerPlugin START] Reloading Section: "post-register/DefaultPluginImpl of DefaultPluginImpl [roughlyenoughitems]/"
[01:16:02] [main/TRACE] [REI] [REIServerPlugin START] Reloading Section: "post-register/DefaultPluginImpl of DefaultPluginImpl [roughlyenoughitems]/" done in 41.92 μs
[01:16:02] [main/TRACE] [REI] [REIServerPlugin START] Reloading Section: "post-register/AetherREIServerPlugin of AetherREIServerPlugin [aether]/"
[01:16:02] [main/TRACE] [REI] [REIServerPlugin START] Reloading Section: "post-register/AetherREIServerPlugin of AetherREIServerPlugin [aether]/" done in 42.07 μs
[01:16:02] [main/TRACE] [REI] [REIServerPlugin START] Reloading Section: "post-register/DefaultRuntimePlugin of DefaultRuntimePlugin [roughlyenoughitems]/"
[01:16:02] [main/TRACE] [REI] [REIServerPlugin START] Reloading Section: "post-register/DefaultRuntimePlugin of DefaultRuntimePlugin [roughlyenoughitems]/" done in 41.47 μs
[01:16:02] [main/TRACE] [REI] [REIServerPlugin START] Reloading Section: "post-register/" done in 432.7 μs
[01:16:02] [main/TRACE] [REI] [REIServerPlugin START] Reloading Section: "post-stage/"
[01:16:02] [main/TRACE] [REI] [REIServerPlugin START] Reloading Section: "post-stage/MenuInfoRegistryImpl/"
[01:16:02] [main/TRACE] [REI] [REIServerPlugin START] Reloading Section: "post-stage/MenuInfoRegistryImpl/" done in 37.78 μs
[01:16:02] [main/TRACE] [REI] [REIServerPlugin START] Reloading Section: "post-stage/SlotAccessorRegistryImpl/"
[01:16:02] [main/TRACE] [REI] [REIServerPlugin START] Reloading Section: "post-stage/SlotAccessorRegistryImpl/" done in 37.57 μs
[01:16:02] [main/TRACE] [REI] [REIServerPlugin START] Reloading Section: "post-stage/" done in 290.6 μs
[01:16:02] [main/DEBUG] [REI] ========================================
[01:16:02] [main/INFO] [REI] REIServerPlugin finished post-reload for START in 926.5 μs, totaling 6.100 ms.
[01:16:02] [main/DEBUG] [REI] ========================================
[01:16:02] [main/DEBUG] [REI] ========================================
[01:16:02] [main/DEBUG] [REI] REIPlugin starting pre-reload for END.
[01:16:02] [main/DEBUG] [REI] Reloadables (7):
[01:16:02] [main/DEBUG] [REI]  - EntryTypeRegistryImpl
[01:16:02] [main/DEBUG] [REI]  - EntrySettingsAdapterRegistryImpl
[01:16:02] [main/DEBUG] [REI]  - RecipeManagerContextImpl
[01:16:02] [main/DEBUG] [REI]  - ItemComparatorRegistryImpl
[01:16:02] [main/DEBUG] [REI]  - FluidComparatorRegistryImpl
[01:16:02] [main/DEBUG] [REI]  - DisplaySerializerRegistryImpl
[01:16:02] [main/DEBUG] [REI]  - FluidSupportProviderImpl
[01:16:02] [main/DEBUG] [REI] Plugins (3):
[01:16:02] [main/DEBUG] [REI]  - (-100.00) DefaultPluginImpl of DefaultPluginImpl [roughlyenoughitems]
[01:16:02] [main/DEBUG] [REI]  - (0.00) DefaultRuntimePlugin of DefaultRuntimePlugin [roughlyenoughitems]
[01:16:02] [main/DEBUG] [REI]  - (0.00) AetherREIServerPlugin of AetherREIServerPlugin [aether]
[01:16:02] [main/DEBUG] [REI] ========================================
[01:16:02] [main/TRACE] [REI] [REIPlugin END] Reloading Section: "pre-register/"
[01:16:02] [main/TRACE] [REI] [REIPlugin END] Reloading Section: "pre-register/DefaultPluginImpl of DefaultPluginImpl [roughlyenoughitems]/"
[01:16:02] [main/TRACE] [REI] [REIPlugin END] Reloading Section: "pre-register/DefaultPluginImpl of DefaultPluginImpl [roughlyenoughitems]/" done in 30.49 μs
[01:16:02] [main/TRACE] [REI] [REIPlugin END] Reloading Section: "pre-register/DefaultRuntimePlugin of DefaultRuntimePlugin [roughlyenoughitems]/"
[01:16:02] [main/TRACE] [REI] [REIPlugin END] Reloading Section: "pre-register/DefaultRuntimePlugin of DefaultRuntimePlugin [roughlyenoughitems]/" done in 23.77 μs
[01:16:02] [main/TRACE] [REI] [REIPlugin END] Reloading Section: "pre-register/AetherREIServerPlugin of AetherREIServerPlugin [aether]/"
[01:16:02] [main/TRACE] [REI] [REIPlugin END] Reloading Section: "pre-register/AetherREIServerPlugin of AetherREIServerPlugin [aether]/" done in 51.40 μs
[01:16:02] [main/TRACE] [REI] [REIPlugin END] Reloading Section: "pre-register/" done in 338.4 μs
[01:16:02] [main/TRACE] [REI] [REIPlugin END] Reloading Section: "pre-stage/"
[01:16:02] [main/TRACE] [REI] [REIPlugin END] Reloading Section: "pre-stage/EntryTypeRegistryImpl/"
[01:16:02] [main/TRACE] [REI] [REIPlugin END] Reloading Section: "pre-stage/EntryTypeRegistryImpl/" done in 26.15 μs
[01:16:02] [main/TRACE] [REI] [REIPlugin END] Reloading Section: "pre-stage/EntrySettingsAdapterRegistryImpl/"
[01:16:02] [main/TRACE] [REI] [REIPlugin END] Reloading Section: "pre-stage/EntrySettingsAdapterRegistryImpl/" done in 20.83 μs
[01:16:02] [main/TRACE] [REI] [REIPlugin END] Reloading Section: "pre-stage/RecipeManagerContextImpl/"
[01:16:02] [main/TRACE] [REI] [REIPlugin END] Reloading Section: "pre-stage/RecipeManagerContextImpl/" done in 21.50 μs
[01:16:02] [main/TRACE] [REI] [REIPlugin END] Reloading Section: "pre-stage/ItemComparatorRegistryImpl/"
[01:16:02] [main/TRACE] [REI] [REIPlugin END] Reloading Section: "pre-stage/ItemComparatorRegistryImpl/" done in 29.29 μs
[01:16:02] [main/TRACE] [REI] [REIPlugin END] Reloading Section: "pre-stage/FluidComparatorRegistryImpl/"
[01:16:02] [main/TRACE] [REI] [REIPlugin END] Reloading Section: "pre-stage/FluidComparatorRegistryImpl/" done in 21.34 μs
[01:16:02] [main/TRACE] [REI] [REIPlugin END] Reloading Section: "pre-stage/DisplaySerializerRegistryImpl/"
[01:16:02] [main/TRACE] [REI] [REIPlugin END] Reloading Section: "pre-stage/DisplaySerializerRegistryImpl/" done in 22.94 μs
[01:16:02] [main/TRACE] [REI] [REIPlugin END] Reloading Section: "pre-stage/FluidSupportProviderImpl/"
[01:16:02] [main/TRACE] [REI] [REIPlugin END] Reloading Section: "pre-stage/FluidSupportProviderImpl/" done in 20.79 μs
[01:16:02] [main/TRACE] [REI] [REIPlugin END] Reloading Section: "pre-stage/" done in 565.4 μs
[01:16:02] [main/DEBUG] [REI] ========================================
[01:16:02] [main/DEBUG] [REI] REIPlugin finished pre-reload for END in 1.011 ms.
[01:16:02] [main/DEBUG] [REI] ========================================
[01:16:02] [main/DEBUG] [REI] ========================================
[01:16:02] [main/DEBUG] [REI] REIServerPlugin starting pre-reload for END.
[01:16:02] [main/DEBUG] [REI] Reloadables (2):
[01:16:02] [main/DEBUG] [REI]  - MenuInfoRegistryImpl
[01:16:02] [main/DEBUG] [REI]  - SlotAccessorRegistryImpl
[01:16:02] [main/DEBUG] [REI] Plugins (3):
[01:16:02] [main/DEBUG] [REI]  - (-100.00) DefaultPluginImpl of DefaultPluginImpl [roughlyenoughitems]
[01:16:02] [main/DEBUG] [REI]  - (0.00) AetherREIServerPlugin of AetherREIServerPlugin [aether]
[01:16:02] [main/DEBUG] [REI]  - (0.00) DefaultRuntimePlugin of DefaultRuntimePlugin [roughlyenoughitems]
[01:16:02] [main/DEBUG] [REI] ========================================
[01:16:02] [main/TRACE] [REI] [REIServerPlugin END] Reloading Section: "pre-register/"
[01:16:02] [main/TRACE] [REI] [REIServerPlugin END] Reloading Section: "pre-register/DefaultPluginImpl of DefaultPluginImpl [roughlyenoughitems]/"
[01:16:02] [main/TRACE] [REI] [REIServerPlugin END] Reloading Section: "pre-register/DefaultPluginImpl of DefaultPluginImpl [roughlyenoughitems]/" done in 24.31 μs
[01:16:02] [main/TRACE] [REI] [REIServerPlugin END] Reloading Section: "pre-register/AetherREIServerPlugin of AetherREIServerPlugin [aether]/"
[01:16:02] [main/TRACE] [REI] [REIServerPlugin END] Reloading Section: "pre-register/AetherREIServerPlugin of AetherREIServerPlugin [aether]/" done in 22.83 μs
[01:16:02] [main/TRACE] [REI] [REIServerPlugin END] Reloading Section: "pre-register/DefaultRuntimePlugin of DefaultRuntimePlugin [roughlyenoughitems]/"
[01:16:02] [main/TRACE] [REI] [REIServerPlugin END] Reloading Section: "pre-register/DefaultRuntimePlugin of DefaultRuntimePlugin [roughlyenoughitems]/" done in 25.52 μs
[01:16:02] [main/TRACE] [REI] [REIServerPlugin END] Reloading Section: "pre-register/" done in 272.6 μs
[01:16:02] [main/TRACE] [REI] [REIServerPlugin END] Reloading Section: "pre-stage/"
[01:16:02] [main/TRACE] [REI] [REIServerPlugin END] Reloading Section: "pre-stage/MenuInfoRegistryImpl/"
[01:16:02] [main/TRACE] [REI] [REIServerPlugin END] Reloading Section: "pre-stage/MenuInfoRegistryImpl/" done in 21.10 μs
[01:16:02] [main/TRACE] [REI] [REIServerPlugin END] Reloading Section: "pre-stage/SlotAccessorRegistryImpl/"
[01:16:02] [main/TRACE] [REI] [REIServerPlugin END] Reloading Section: "pre-stage/SlotAccessorRegistryImpl/" done in 21.36 μs
[01:16:02] [main/TRACE] [REI] [REIServerPlugin END] Reloading Section: "pre-stage/" done in 168.0 μs
[01:16:02] [main/DEBUG] [REI] ========================================
[01:16:02] [main/DEBUG] [REI] REIServerPlugin finished pre-reload for END in 550.5 μs.
[01:16:02] [main/DEBUG] [REI] ========================================
[01:16:02] [main/INFO] [REI] ****************************************
[01:16:02] [main/INFO] [REI] REIPlugin starting main-reload for END.
[01:16:02] [main/DEBUG] [REI] Reloadables (7):
[01:16:02] [main/DEBUG] [REI]  - EntryTypeRegistryImpl
[01:16:02] [main/DEBUG] [REI]  - EntrySettingsAdapterRegistryImpl
[01:16:02] [main/DEBUG] [REI]  - RecipeManagerContextImpl
[01:16:02] [main/DEBUG] [REI]  - ItemComparatorRegistryImpl
[01:16:02] [main/DEBUG] [REI]  - FluidComparatorRegistryImpl
[01:16:02] [main/DEBUG] [REI]  - DisplaySerializerRegistryImpl
[01:16:02] [main/DEBUG] [REI]  - FluidSupportProviderImpl
[01:16:02] [main/INFO] [REI] Plugins (3):
[01:16:02] [main/INFO] [REI]  - (-100.00) DefaultPluginImpl of DefaultPluginImpl [roughlyenoughitems]
[01:16:02] [main/INFO] [REI]  - (0.00) DefaultRuntimePlugin of DefaultRuntimePlugin [roughlyenoughitems]
[01:16:02] [main/INFO] [REI]  - (0.00) AetherREIServerPlugin of AetherREIServerPlugin [aether]
[01:16:02] [main/INFO] [REI] ****************************************
[01:16:02] [main/TRACE] [REI] [REIPlugin END] Reloading Section: "start-reload/"
[01:16:02] [main/TRACE] [REI] [REIPlugin END] Reloading Section: "start-reload/EntryTypeRegistryImpl/"
[01:16:02] [main/TRACE] [REI] [REIPlugin END] Reloading Section: "start-reload/EntryTypeRegistryImpl/" done in 26.00 μs
[01:16:02] [main/TRACE] [REI] [REIPlugin END] Reloading Section: "start-reload/EntrySettingsAdapterRegistryImpl/"
[01:16:02] [main/TRACE] [REI] [REIPlugin END] Reloading Section: "start-reload/EntrySettingsAdapterRegistryImpl/" done in 39.19 μs
[01:16:02] [main/TRACE] [REI] [REIPlugin END] Reloading Section: "start-reload/RecipeManagerContextImpl/"
[01:16:02] [main/TRACE] [REI] [REIPlugin END] Reloading Section: "start-reload/RecipeManagerContextImpl/" done in 34.65 μs
[01:16:02] [main/TRACE] [REI] [REIPlugin END] Reloading Section: "start-reload/ItemComparatorRegistryImpl/"
[01:16:02] [main/TRACE] [REI] [REIPlugin END] Reloading Section: "start-reload/ItemComparatorRegistryImpl/" done in 54.65 μs
[01:16:02] [main/TRACE] [REI] [REIPlugin END] Reloading Section: "start-reload/FluidComparatorRegistryImpl/"
[01:16:02] [main/TRACE] [REI] [REIPlugin END] Reloading Section: "start-reload/FluidComparatorRegistryImpl/" done in 46.53 μs
[01:16:02] [main/TRACE] [REI] [REIPlugin END] Reloading Section: "start-reload/DisplaySerializerRegistryImpl/"
[01:16:02] [main/TRACE] [REI] [REIPlugin END] Reloading Section: "start-reload/DisplaySerializerRegistryImpl/" done in 56.11 μs
[01:16:02] [main/TRACE] [REI] [REIPlugin END] Reloading Section: "start-reload/FluidSupportProviderImpl/"
[01:16:02] [main/TRACE] [REI] [REIPlugin END] Reloading Section: "start-reload/FluidSupportProviderImpl/" done in 48.90 μs
[01:16:02] [main/TRACE] [REI] [REIPlugin END] Reloading Section: "start-reload/" done in 940.4 μs
[01:16:02] [main/DEBUG] [REI] ========================================
[01:16:02] [main/DEBUG] [REI] REIPlugin started main-reload for END.
[01:16:02] [main/DEBUG] [REI] ========================================
[01:16:02] [main/TRACE] [REI] [REIPlugin END] Reloading Section: "reloadable-plugin/EntryTypeRegistryImpl/"
[01:16:02] [main/TRACE] [REI] [REIPlugin END] Reloading Section: "reloadable-plugin/EntryTypeRegistryImpl/DefaultPluginImpl of DefaultPluginImpl [roughlyenoughitems]/"
[01:16:02] [main/TRACE] [REI] [REIPlugin END] Reloading Section: "reloadable-plugin/EntryTypeRegistryImpl/DefaultPluginImpl of DefaultPluginImpl [roughlyenoughitems]/" done in 46.91 μs
[01:16:02] [main/TRACE] [REI] [REIPlugin END] Reloading Section: "reloadable-plugin/EntryTypeRegistryImpl/DefaultRuntimePlugin of DefaultRuntimePlugin [roughlyenoughitems]/"
[01:16:02] [main/TRACE] [REI] [REIPlugin END] Reloading Section: "reloadable-plugin/EntryTypeRegistryImpl/DefaultRuntimePlugin of DefaultRuntimePlugin [roughlyenoughitems]/" done in 73.98 μs
[01:16:02] [main/TRACE] [REI] [REIPlugin END] Reloading Section: "reloadable-plugin/EntryTypeRegistryImpl/AetherREIServerPlugin of AetherREIServerPlugin [aether]/"
[01:16:02] [main/TRACE] [REI] [REIPlugin END] Reloading Section: "reloadable-plugin/EntryTypeRegistryImpl/AetherREIServerPlugin of AetherREIServerPlugin [aether]/" done in 48.72 μs
[01:16:02] [main/TRACE] [REI] [REIPlugin END] Reloading Section: "reloadable-plugin/EntryTypeRegistryImpl/" done in 498.8 μs
[01:16:02] [main/TRACE] [REI] [REIPlugin END] Reloading Section: "reloadable-plugin/EntrySettingsAdapterRegistryImpl/"
[01:16:02] [main/TRACE] [REI] [REIPlugin END] Reloading Section: "reloadable-plugin/EntrySettingsAdapterRegistryImpl/DefaultPluginImpl of DefaultPluginImpl [roughlyenoughitems]/"
[01:16:02] [main/TRACE] [REI] [REIPlugin END] Reloading Section: "reloadable-plugin/EntrySettingsAdapterRegistryImpl/DefaultPluginImpl of DefaultPluginImpl [roughlyenoughitems]/" done in 89.64 μs
[01:16:02] [main/TRACE] [REI] [REIPlugin END] Reloading Section: "reloadable-plugin/EntrySettingsAdapterRegistryImpl/DefaultRuntimePlugin of DefaultRuntimePlugin [roughlyenoughitems]/"
[01:16:02] [main/TRACE] [REI] [REIPlugin END] Reloading Section: "reloadable-plugin/EntrySettingsAdapterRegistryImpl/DefaultRuntimePlugin of DefaultRuntimePlugin [roughlyenoughitems]/" done in 65.76 μs
[01:16:02] [main/TRACE] [REI] [REIPlugin END] Reloading Section: "reloadable-plugin/EntrySettingsAdapterRegistryImpl/AetherREIServerPlugin of AetherREIServerPlugin [aether]/"
[01:16:02] [main/TRACE] [REI] [REIPlugin END] Reloading Section: "reloadable-plugin/EntrySettingsAdapterRegistryImpl/AetherREIServerPlugin of AetherREIServerPlugin [aether]/" done in 59.02 μs
[01:16:02] [main/TRACE] [REI] [REIPlugin END] Reloading Section: "reloadable-plugin/EntrySettingsAdapterRegistryImpl/" done in 660.6 μs
[01:16:02] [main/TRACE] [REI] [REIPlugin END] Reloading Section: "reloadable-plugin/RecipeManagerContextImpl/"
[01:16:02] [main/TRACE] [REI] [REIPlugin END] Reloading Section: "reloadable-plugin/RecipeManagerContextImpl/DefaultPluginImpl of DefaultPluginImpl [roughlyenoughitems]/"
[01:16:02] [main/TRACE] [REI] [REIPlugin END] Reloading Section: "reloadable-plugin/RecipeManagerContextImpl/DefaultPluginImpl of DefaultPluginImpl [roughlyenoughitems]/" done in 65.33 μs
[01:16:02] [main/TRACE] [REI] [REIPlugin END] Reloading Section: "reloadable-plugin/RecipeManagerContextImpl/DefaultRuntimePlugin of DefaultRuntimePlugin [roughlyenoughitems]/"
[01:16:02] [main/TRACE] [REI] [REIPlugin END] Reloading Section: "reloadable-plugin/RecipeManagerContextImpl/DefaultRuntimePlugin of DefaultRuntimePlugin [roughlyenoughitems]/" done in 72.21 μs
[01:16:02] [main/TRACE] [REI] [REIPlugin END] Reloading Section: "reloadable-plugin/RecipeManagerContextImpl/AetherREIServerPlugin of AetherREIServerPlugin [aether]/"
[01:16:02] [main/TRACE] [REI] [REIPlugin END] Reloading Section: "reloadable-plugin/RecipeManagerContextImpl/AetherREIServerPlugin of AetherREIServerPlugin [aether]/" done in 70.89 μs
[01:16:02] [main/TRACE] [REI] [REIPlugin END] Reloading Section: "reloadable-plugin/RecipeManagerContextImpl/" done in 890.4 μs
[01:16:02] [main/TRACE] [REI] [REIPlugin END] Reloading Section: "reloadable-plugin/ItemComparatorRegistryImpl/"
[01:16:02] [main/TRACE] [REI] [REIPlugin END] Reloading Section: "reloadable-plugin/ItemComparatorRegistryImpl/DefaultPluginImpl of DefaultPluginImpl [roughlyenoughitems]/"
[01:16:02] [main/TRACE] [REI] [REIPlugin END] Reloading Section: "reloadable-plugin/ItemComparatorRegistryImpl/DefaultPluginImpl of DefaultPluginImpl [roughlyenoughitems]/" done in 71.18 μs
[01:16:02] [main/TRACE] [REI] [REIPlugin END] Reloading Section: "reloadable-plugin/ItemComparatorRegistryImpl/DefaultRuntimePlugin of DefaultRuntimePlugin [roughlyenoughitems]/"
[01:16:02] [main/TRACE] [REI] [REIPlugin END] Reloading Section: "reloadable-plugin/ItemComparatorRegistryImpl/DefaultRuntimePlugin of DefaultRuntimePlugin [roughlyenoughitems]/" done in 52.28 μs
[01:16:02] [main/TRACE] [REI] [REIPlugin END] Reloading Section: "reloadable-plugin/ItemComparatorRegistryImpl/AetherREIServerPlugin of AetherREIServerPlugin [aether]/"
[01:16:02] [main/TRACE] [REI] [REIPlugin END] Reloading Section: "reloadable-plugin/ItemComparatorRegistryImpl/AetherREIServerPlugin of AetherREIServerPlugin [aether]/" done in 47.05 μs
[01:16:02] [main/TRACE] [REI] [REIPlugin END] Reloading Section: "reloadable-plugin/ItemComparatorRegistryImpl/" done in 957.4 μs
[01:16:02] [main/TRACE] [REI] [REIPlugin END] Reloading Section: "reloadable-plugin/FluidComparatorRegistryImpl/"
[01:16:02] [main/TRACE] [REI] [REIPlugin END] Reloading Section: "reloadable-plugin/FluidComparatorRegistryImpl/DefaultPluginImpl of DefaultPluginImpl [roughlyenoughitems]/"
[01:16:02] [main/TRACE] [REI] [REIPlugin END] Reloading Section: "reloadable-plugin/FluidComparatorRegistryImpl/DefaultPluginImpl of DefaultPluginImpl [roughlyenoughitems]/" done in 62.54 μs
[01:16:02] [main/TRACE] [REI] [REIPlugin END] Reloading Section: "reloadable-plugin/FluidComparatorRegistryImpl/DefaultRuntimePlugin of DefaultRuntimePlugin [roughlyenoughitems]/"
[01:16:02] [main/TRACE] [REI] [REIPlugin END] Reloading Section: "reloadable-plugin/FluidComparatorRegistryImpl/DefaultRuntimePlugin of DefaultRuntimePlugin [roughlyenoughitems]/" done in 59.08 μs
[01:16:02] [main/TRACE] [REI] [REIPlugin END] Reloading Section: "reloadable-plugin/FluidComparatorRegistryImpl/AetherREIServerPlugin of AetherREIServerPlugin [aether]/"
[01:16:02] [main/TRACE] [REI] [REIPlugin END] Reloading Section: "reloadable-plugin/FluidComparatorRegistryImpl/AetherREIServerPlugin of AetherREIServerPlugin [aether]/" done in 45.35 μs
[01:16:02] [main/TRACE] [REI] [REIPlugin END] Reloading Section: "reloadable-plugin/FluidComparatorRegistryImpl/" done in 514.8 μs
[01:16:02] [main/TRACE] [REI] [REIPlugin END] Reloading Section: "reloadable-plugin/DisplaySerializerRegistryImpl/"
[01:16:02] [main/TRACE] [REI] [REIPlugin END] Reloading Section: "reloadable-plugin/DisplaySerializerRegistryImpl/DefaultPluginImpl of DefaultPluginImpl [roughlyenoughitems]/"
[01:16:02] [main/TRACE] [REI] [REIPlugin END] Reloading Section: "reloadable-plugin/DisplaySerializerRegistryImpl/DefaultPluginImpl of DefaultPluginImpl [roughlyenoughitems]/" done in 22.09 ms
[01:16:02] [main/TRACE] [REI] [REIPlugin END] Reloading Section: "reloadable-plugin/DisplaySerializerRegistryImpl/DefaultRuntimePlugin of DefaultRuntimePlugin [roughlyenoughitems]/"
[01:16:02] [main/TRACE] [REI] [REIPlugin END] Reloading Section: "reloadable-plugin/DisplaySerializerRegistryImpl/DefaultRuntimePlugin of DefaultRuntimePlugin [roughlyenoughitems]/" done in 53.36 μs
[01:16:02] [main/TRACE] [REI] [REIPlugin END] Reloading Section: "reloadable-plugin/DisplaySerializerRegistryImpl/AetherREIServerPlugin of AetherREIServerPlugin [aether]/"
[01:16:02] [main/TRACE] [REI] [REIPlugin END] Reloading Section: "reloadable-plugin/DisplaySerializerRegistryImpl/AetherREIServerPlugin of AetherREIServerPlugin [aether]/" done in 990.7 μs
[01:16:02] [main/TRACE] [REI] [REIPlugin END] Reloading Section: "reloadable-plugin/DisplaySerializerRegistryImpl/" done in 23.59 ms
[01:16:02] [main/TRACE] [REI] [REIPlugin END] Reloading Section: "reloadable-plugin/FluidSupportProviderImpl/"
[01:16:02] [main/TRACE] [REI] [REIPlugin END] Reloading Section: "reloadable-plugin/FluidSupportProviderImpl/DefaultPluginImpl of DefaultPluginImpl [roughlyenoughitems]/"
[01:16:02] [main/TRACE] [REI] [REIPlugin END] Reloading Section: "reloadable-plugin/FluidSupportProviderImpl/DefaultPluginImpl of DefaultPluginImpl [roughlyenoughitems]/" done in 36.78 μs
[01:16:02] [main/TRACE] [REI] [REIPlugin END] Reloading Section: "reloadable-plugin/FluidSupportProviderImpl/DefaultRuntimePlugin of DefaultRuntimePlugin [roughlyenoughitems]/"
[01:16:02] [main/TRACE] [REI] [REIPlugin END] Reloading Section: "reloadable-plugin/FluidSupportProviderImpl/DefaultRuntimePlugin of DefaultRuntimePlugin [roughlyenoughitems]/" done in 53.25 μs
[01:16:02] [main/TRACE] [REI] [REIPlugin END] Reloading Section: "reloadable-plugin/FluidSupportProviderImpl/AetherREIServerPlugin of AetherREIServerPlugin [aether]/"
[01:16:02] [main/TRACE] [REI] [REIPlugin END] Reloading Section: "reloadable-plugin/FluidSupportProviderImpl/AetherREIServerPlugin of AetherREIServerPlugin [aether]/" done in 50.04 μs
[01:16:02] [main/TRACE] [REI] [REIPlugin END] Reloading Section: "reloadable-plugin/FluidSupportProviderImpl/" done in 487.7 μs
[01:16:02] [main/DEBUG] [REI] ========================================
[01:16:02] [main/DEBUG] [REI] REIPlugin ending main-reload for END.
[01:16:02] [main/DEBUG] [REI] ========================================
[01:16:02] [main/TRACE] [REI] [REIPlugin END] Reloading Section: "end-reload/"
[01:16:02] [main/TRACE] [REI] [REIPlugin END] Reloading Section: "end-reload/EntryTypeRegistryImpl/"
[01:16:02] [main/TRACE] [REI] [REIPlugin END] Reloading Section: "end-reload/EntryTypeRegistryImpl/" done in 44.81 μs
[01:16:02] [main/TRACE] [REI] [REIPlugin END] Reloading Section: "end-reload/EntrySettingsAdapterRegistryImpl/"
[01:16:02] [main/TRACE] [REI] [REIPlugin END] Reloading Section: "end-reload/EntrySettingsAdapterRegistryImpl/" done in 44.49 μs
[01:16:02] [main/TRACE] [REI] [REIPlugin END] Reloading Section: "end-reload/RecipeManagerContextImpl/"
[01:16:02] [main/TRACE] [REI] [REIPlugin END] Reloading Section: "end-reload/RecipeManagerContextImpl/" done in 36.79 μs
[01:16:02] [main/TRACE] [REI] [REIPlugin END] Reloading Section: "end-reload/ItemComparatorRegistryImpl/"
[01:16:02] [main/TRACE] [REI] [REIPlugin END] Reloading Section: "end-reload/ItemComparatorRegistryImpl/" done in 34.99 μs
[01:16:02] [main/TRACE] [REI] [REIPlugin END] Reloading Section: "end-reload/FluidComparatorRegistryImpl/"
[01:16:02] [main/TRACE] [REI] [REIPlugin END] Reloading Section: "end-reload/FluidComparatorRegistryImpl/" done in 32.75 μs
[01:16:02] [main/TRACE] [REI] [REIPlugin END] Reloading Section: "end-reload/DisplaySerializerRegistryImpl/"
[01:16:02] [main/TRACE] [REI] [REIPlugin END] Reloading Section: "end-reload/DisplaySerializerRegistryImpl/" done in 42.31 μs
[01:16:02] [main/TRACE] [REI] [REIPlugin END] Reloading Section: "end-reload/FluidSupportProviderImpl/"
[01:16:02] [main/TRACE] [REI] [REIPlugin END] Reloading Section: "end-reload/FluidSupportProviderImpl/" done in 42.72 μs
[01:16:02] [main/TRACE] [REI] [REIPlugin END] Reloading Section: "end-reload/" done in 969.8 μs
[01:16:02] [main/DEBUG] [REI] ========================================
[01:16:02] [main/DEBUG] [REI] REIPlugin ended main-reload for END in 32.19 ms.
[01:16:02] [main/DEBUG] [REI] ========================================
[01:16:02] [main/INFO] [REI] %%%%%%%%%%%%%%%%%%%%%%%%%%%%%%%%%%%%%%%%
[01:16:02] [main/INFO] [REI] REIServerPlugin starting main-reload for END.
[01:16:02] [main/DEBUG] [REI] Reloadables (2):
[01:16:02] [main/DEBUG] [REI]  - MenuInfoRegistryImpl
[01:16:02] [main/DEBUG] [REI]  - SlotAccessorRegistryImpl
[01:16:02] [main/INFO] [REI] Plugins (3):
[01:16:02] [main/INFO] [REI]  - (-100.00) DefaultPluginImpl of DefaultPluginImpl [roughlyenoughitems]
[01:16:02] [main/INFO] [REI]  - (0.00) AetherREIServerPlugin of AetherREIServerPlugin [aether]
[01:16:02] [main/INFO] [REI]  - (0.00) DefaultRuntimePlugin of DefaultRuntimePlugin [roughlyenoughitems]
[01:16:02] [main/INFO] [REI] %%%%%%%%%%%%%%%%%%%%%%%%%%%%%%%%%%%%%%%%
[01:16:02] [main/TRACE] [REI] [REIServerPlugin END] Reloading Section: "start-reload/"
[01:16:02] [main/TRACE] [REI] [REIServerPlugin END] Reloading Section: "start-reload/MenuInfoRegistryImpl/"
[01:16:02] [main/TRACE] [REI] [REIServerPlugin END] Reloading Section: "start-reload/MenuInfoRegistryImpl/" done in 64.45 μs
[01:16:02] [main/TRACE] [REI] [REIServerPlugin END] Reloading Section: "start-reload/SlotAccessorRegistryImpl/"
[01:16:02] [main/TRACE] [REI] [REIServerPlugin END] Reloading Section: "start-reload/SlotAccessorRegistryImpl/" done in 71.30 μs
[01:16:02] [main/TRACE] [REI] [REIServerPlugin END] Reloading Section: "start-reload/" done in 327.5 μs
[01:16:02] [main/DEBUG] [REI] ========================================
[01:16:02] [main/DEBUG] [REI] REIServerPlugin started main-reload for END.
[01:16:02] [main/DEBUG] [REI] ========================================
[01:16:02] [main/TRACE] [REI] [REIServerPlugin END] Reloading Section: "reloadable-plugin/MenuInfoRegistryImpl/"
[01:16:02] [main/TRACE] [REI] [REIServerPlugin END] Reloading Section: "reloadable-plugin/MenuInfoRegistryImpl/DefaultPluginImpl of DefaultPluginImpl [roughlyenoughitems]/"
[01:16:02] [main/TRACE] [REI] [REIServerPlugin END] Reloading Section: "reloadable-plugin/MenuInfoRegistryImpl/DefaultPluginImpl of DefaultPluginImpl [roughlyenoughitems]/" done in 39.58 μs
[01:16:02] [main/TRACE] [REI] [REIServerPlugin END] Reloading Section: "reloadable-plugin/MenuInfoRegistryImpl/AetherREIServerPlugin of AetherREIServerPlugin [aether]/"
[01:16:02] [main/TRACE] [REI] [REIServerPlugin END] Reloading Section: "reloadable-plugin/MenuInfoRegistryImpl/AetherREIServerPlugin of AetherREIServerPlugin [aether]/" done in 30.42 μs
[01:16:02] [main/TRACE] [REI] [REIServerPlugin END] Reloading Section: "reloadable-plugin/MenuInfoRegistryImpl/DefaultRuntimePlugin of DefaultRuntimePlugin [roughlyenoughitems]/"
[01:16:02] [main/TRACE] [REI] [REIServerPlugin END] Reloading Section: "reloadable-plugin/MenuInfoRegistryImpl/DefaultRuntimePlugin of DefaultRuntimePlugin [roughlyenoughitems]/" done in 28.57 μs
[01:16:02] [main/TRACE] [REI] [REIServerPlugin END] Reloading Section: "reloadable-plugin/MenuInfoRegistryImpl/" done in 370.6 μs
[01:16:02] [main/TRACE] [REI] [REIServerPlugin END] Reloading Section: "reloadable-plugin/SlotAccessorRegistryImpl/"
[01:16:02] [main/TRACE] [REI] [REIServerPlugin END] Reloading Section: "reloadable-plugin/SlotAccessorRegistryImpl/DefaultPluginImpl of DefaultPluginImpl [roughlyenoughitems]/"
[01:16:02] [main/TRACE] [REI] [REIServerPlugin END] Reloading Section: "reloadable-plugin/SlotAccessorRegistryImpl/DefaultPluginImpl of DefaultPluginImpl [roughlyenoughitems]/" done in 35.47 μs
[01:16:02] [main/TRACE] [REI] [REIServerPlugin END] Reloading Section: "reloadable-plugin/SlotAccessorRegistryImpl/AetherREIServerPlugin of AetherREIServerPlugin [aether]/"
[01:16:02] [main/TRACE] [REI] [REIServerPlugin END] Reloading Section: "reloadable-plugin/SlotAccessorRegistryImpl/AetherREIServerPlugin of AetherREIServerPlugin [aether]/" done in 50.85 μs
[01:16:02] [main/TRACE] [REI] [REIServerPlugin END] Reloading Section: "reloadable-plugin/SlotAccessorRegistryImpl/DefaultRuntimePlugin of DefaultRuntimePlugin [roughlyenoughitems]/"
[01:16:02] [main/DEBUG] [REI] Added slot accessor serializer: me.shedaniel.rei.plugin.common.runtime.DefaultRuntimePlugin$1@75b92d27 [roughlyenoughitems:vanilla]
[01:16:02] [main/DEBUG] [REI] Added slot accessor serializer: me.shedaniel.rei.plugin.common.runtime.DefaultRuntimePlugin$2@1426080a [roughlyenoughitems:player]
[01:16:02] [main/TRACE] [REI] [REIServerPlugin END] Reloading Section: "reloadable-plugin/SlotAccessorRegistryImpl/DefaultRuntimePlugin of DefaultRuntimePlugin [roughlyenoughitems]/" done in 1.841 ms
[01:16:02] [main/TRACE] [REI] [REIServerPlugin END] Reloading Section: "reloadable-plugin/SlotAccessorRegistryImpl/" done in 2.243 ms
[01:16:02] [main/DEBUG] [REI] ========================================
[01:16:02] [main/DEBUG] [REI] REIServerPlugin ending main-reload for END.
[01:16:02] [main/DEBUG] [REI] ========================================
[01:16:02] [main/TRACE] [REI] [REIServerPlugin END] Reloading Section: "end-reload/"
[01:16:02] [main/TRACE] [REI] [REIServerPlugin END] Reloading Section: "end-reload/MenuInfoRegistryImpl/"
[01:16:02] [main/DEBUG] [REI] Registered 0 menu infos
[01:16:02] [main/TRACE] [REI] [REIServerPlugin END] Reloading Section: "end-reload/MenuInfoRegistryImpl/" done in 140.4 μs
[01:16:02] [main/TRACE] [REI] [REIServerPlugin END] Reloading Section: "end-reload/SlotAccessorRegistryImpl/"
[01:16:02] [main/DEBUG] [REI] Registered 2 slot accessor serializers
[01:16:02] [main/TRACE] [REI] [REIServerPlugin END] Reloading Section: "end-reload/SlotAccessorRegistryImpl/" done in 128.8 μs
[01:16:02] [main/TRACE] [REI] [REIServerPlugin END] Reloading Section: "end-reload/" done in 477.2 μs
[01:16:02] [main/DEBUG] [REI] ========================================
[01:16:02] [main/DEBUG] [REI] REIServerPlugin ended main-reload for END in 5.313 ms.
[01:16:02] [main/DEBUG] [REI] ========================================
[01:16:02] [main/DEBUG] [REI] ========================================
[01:16:02] [main/DEBUG] [REI] REIPlugin starting post-reload for END.
[01:16:02] [main/DEBUG] [REI] Reloadables (7):
[01:16:02] [main/DEBUG] [REI]  - EntryTypeRegistryImpl
[01:16:02] [main/DEBUG] [REI]  - EntrySettingsAdapterRegistryImpl
[01:16:02] [main/DEBUG] [REI]  - RecipeManagerContextImpl
[01:16:02] [main/DEBUG] [REI]  - ItemComparatorRegistryImpl
[01:16:02] [main/DEBUG] [REI]  - FluidComparatorRegistryImpl
[01:16:02] [main/DEBUG] [REI]  - DisplaySerializerRegistryImpl
[01:16:02] [main/DEBUG] [REI]  - FluidSupportProviderImpl
[01:16:02] [main/DEBUG] [REI] Plugins (3):
[01:16:02] [main/DEBUG] [REI]  - (-100.00) DefaultPluginImpl of DefaultPluginImpl [roughlyenoughitems]
[01:16:02] [main/DEBUG] [REI]  - (0.00) DefaultRuntimePlugin of DefaultRuntimePlugin [roughlyenoughitems]
[01:16:02] [main/DEBUG] [REI]  - (0.00) AetherREIServerPlugin of AetherREIServerPlugin [aether]
[01:16:02] [main/DEBUG] [REI] ========================================
[01:16:02] [main/TRACE] [REI] [REIPlugin END] Reloading Section: "post-register/"
[01:16:02] [main/TRACE] [REI] [REIPlugin END] Reloading Section: "post-register/DefaultPluginImpl of DefaultPluginImpl [roughlyenoughitems]/"
[01:16:02] [main/TRACE] [REI] [REIPlugin END] Reloading Section: "post-register/DefaultPluginImpl of DefaultPluginImpl [roughlyenoughitems]/" done in 54.41 μs
[01:16:02] [main/TRACE] [REI] [REIPlugin END] Reloading Section: "post-register/DefaultRuntimePlugin of DefaultRuntimePlugin [roughlyenoughitems]/"
[01:16:02] [main/TRACE] [REI] [REIPlugin END] Reloading Section: "post-register/DefaultRuntimePlugin of DefaultRuntimePlugin [roughlyenoughitems]/" done in 55.05 μs
[01:16:02] [main/TRACE] [REI] [REIPlugin END] Reloading Section: "post-register/AetherREIServerPlugin of AetherREIServerPlugin [aether]/"
[01:16:02] [main/TRACE] [REI] [REIPlugin END] Reloading Section: "post-register/AetherREIServerPlugin of AetherREIServerPlugin [aether]/" done in 66.04 μs
[01:16:02] [main/TRACE] [REI] [REIPlugin END] Reloading Section: "post-register/" done in 675.1 μs
[01:16:02] [main/TRACE] [REI] [REIPlugin END] Reloading Section: "post-stage/"
[01:16:02] [main/TRACE] [REI] [REIPlugin END] Reloading Section: "post-stage/EntryTypeRegistryImpl/"
[01:16:02] [main/TRACE] [REI] [REIPlugin END] Reloading Section: "post-stage/EntryTypeRegistryImpl/" done in 40.93 μs
[01:16:02] [main/TRACE] [REI] [REIPlugin END] Reloading Section: "post-stage/EntrySettingsAdapterRegistryImpl/"
[01:16:02] [main/TRACE] [REI] [REIPlugin END] Reloading Section: "post-stage/EntrySettingsAdapterRegistryImpl/" done in 37.36 μs
[01:16:02] [main/TRACE] [REI] [REIPlugin END] Reloading Section: "post-stage/RecipeManagerContextImpl/"
[01:16:02] [main/TRACE] [REI] [REIPlugin END] Reloading Section: "post-stage/RecipeManagerContextImpl/" done in 41.73 μs
[01:16:02] [main/TRACE] [REI] [REIPlugin END] Reloading Section: "post-stage/ItemComparatorRegistryImpl/"
[01:16:02] [main/TRACE] [REI] [REIPlugin END] Reloading Section: "post-stage/ItemComparatorRegistryImpl/" done in 20.64 μs
[01:16:02] [main/TRACE] [REI] [REIPlugin END] Reloading Section: "post-stage/FluidComparatorRegistryImpl/"
[01:16:02] [main/TRACE] [REI] [REIPlugin END] Reloading Section: "post-stage/FluidComparatorRegistryImpl/" done in 21.06 μs
[01:16:02] [main/TRACE] [REI] [REIPlugin END] Reloading Section: "post-stage/DisplaySerializerRegistryImpl/"
[01:16:02] [main/TRACE] [REI] [REIPlugin END] Reloading Section: "post-stage/DisplaySerializerRegistryImpl/" done in 22.32 μs
[01:16:02] [main/TRACE] [REI] [REIPlugin END] Reloading Section: "post-stage/FluidSupportProviderImpl/"
[01:16:02] [main/TRACE] [REI] [REIPlugin END] Reloading Section: "post-stage/FluidSupportProviderImpl/" done in 21.49 μs
[01:16:02] [main/TRACE] [REI] [REIPlugin END] Reloading Section: "post-stage/" done in 683.1 μs
[01:16:02] [main/DEBUG] [REI] ========================================
[01:16:02] [main/INFO] [REI] REIPlugin finished post-reload for END in 1.532 ms, totaling 34.66 ms.
[01:16:02] [main/DEBUG] [REI] ========================================
[01:16:02] [main/DEBUG] [REI] ========================================
[01:16:02] [main/DEBUG] [REI] REIServerPlugin starting post-reload for END.
[01:16:02] [main/DEBUG] [REI] Reloadables (2):
[01:16:02] [main/DEBUG] [REI]  - MenuInfoRegistryImpl
[01:16:02] [main/DEBUG] [REI]  - SlotAccessorRegistryImpl
[01:16:02] [main/DEBUG] [REI] Plugins (3):
[01:16:02] [main/DEBUG] [REI]  - (-100.00) DefaultPluginImpl of DefaultPluginImpl [roughlyenoughitems]
[01:16:02] [main/DEBUG] [REI]  - (0.00) AetherREIServerPlugin of AetherREIServerPlugin [aether]
[01:16:02] [main/DEBUG] [REI]  - (0.00) DefaultRuntimePlugin of DefaultRuntimePlugin [roughlyenoughitems]
[01:16:02] [main/DEBUG] [REI] ========================================
[01:16:02] [main/TRACE] [REI] [REIServerPlugin END] Reloading Section: "post-register/"
[01:16:02] [main/TRACE] [REI] [REIServerPlugin END] Reloading Section: "post-register/DefaultPluginImpl of DefaultPluginImpl [roughlyenoughitems]/"
[01:16:02] [main/TRACE] [REI] [REIServerPlugin END] Reloading Section: "post-register/DefaultPluginImpl of DefaultPluginImpl [roughlyenoughitems]/" done in 23.67 μs
[01:16:02] [main/TRACE] [REI] [REIServerPlugin END] Reloading Section: "post-register/AetherREIServerPlugin of AetherREIServerPlugin [aether]/"
[01:16:02] [main/TRACE] [REI] [REIServerPlugin END] Reloading Section: "post-register/AetherREIServerPlugin of AetherREIServerPlugin [aether]/" done in 22.56 μs
[01:16:02] [main/TRACE] [REI] [REIServerPlugin END] Reloading Section: "post-register/DefaultRuntimePlugin of DefaultRuntimePlugin [roughlyenoughitems]/"
[01:16:02] [main/TRACE] [REI] [REIServerPlugin END] Reloading Section: "post-register/DefaultRuntimePlugin of DefaultRuntimePlugin [roughlyenoughitems]/" done in 39.94 μs
[01:16:02] [main/TRACE] [REI] [REIServerPlugin END] Reloading Section: "post-register/" done in 379.7 μs
[01:16:02] [main/TRACE] [REI] [REIServerPlugin END] Reloading Section: "post-stage/"
[01:16:02] [main/TRACE] [REI] [REIServerPlugin END] Reloading Section: "post-stage/MenuInfoRegistryImpl/"
[01:16:02] [main/TRACE] [REI] [REIServerPlugin END] Reloading Section: "post-stage/MenuInfoRegistryImpl/" done in 34.55 μs
[01:16:02] [main/TRACE] [REI] [REIServerPlugin END] Reloading Section: "post-stage/SlotAccessorRegistryImpl/"
[01:16:02] [main/TRACE] [REI] [REIServerPlugin END] Reloading Section: "post-stage/SlotAccessorRegistryImpl/" done in 35.92 μs
[01:16:02] [main/TRACE] [REI] [REIServerPlugin END] Reloading Section: "post-stage/" done in 252.8 μs
[01:16:02] [main/DEBUG] [REI] ========================================
[01:16:02] [main/INFO] [REI] REIServerPlugin finished post-reload for END in 759.7 μs, totaling 6.565 ms.
[01:16:02] [main/DEBUG] [REI] ========================================
